(40,10) seed 31 tours          : head-floor/mass at tour marks T1:+1.035/-0.764 T2:+1.035/-0.742 T4:+1.035/-0.986 T8:+1.035/-1.018; changed 205/312 [24s]
(40,10) seed 31 reverse        : head-floor/mass at tour marks T1:+0.977/-0.768 T2:+0.977/-0.811 T4:+0.977/-0.848 T8:+0.977/-0.897; changed 219/312 [24s]
(40,10) seed 31 gh_greedy      : head-floor/mass at tour marks T1:+1.035/-0.742 T2:+1.035/-0.746 T4:+1.035/-0.934 T8:+1.035/-0.914; changed 67/312 [24s]
(40,10) seed 31 random         : head-floor/mass at tour marks T1:+1.035/-0.889 T2:+1.035/-0.850 T4:+1.035/-0.829 T8:+0.990/-0.935; changed 190/312 [24s]
(40,10) seed 31 omniscient_phi : head-floor/mass at tour marks T1:+1.017/-0.915 T2:+1.017/-0.977 T4:+1.017/-0.977 T8:+1.017/-0.977; changed 55/312 [24s]
(40,10) seed 31 omniscient_head: head-floor/mass at tour marks T1:+1.017/-0.915 T2:+1.017/-0.977 T4:+1.017/-0.977 T8:+1.017/-0.977; changed 55/312 [24s]
(40,10) seed 32 tours          : head-floor/mass at tour marks T1:+1.168/-0.818 T2:+1.088/-0.841 T4:+1.000/-0.968 T8:+1.000/-1.000; changed 198/312 [25s]
(40,10) seed 32 reverse        : head-floor/mass at tour marks T1:+1.088/-0.869 T2:+1.084/-0.939 T4:+1.084/-1.015 T8:+0.994/-0.928; changed 243/312 [25s]
(40,10) seed 32 gh_greedy      : head-floor/mass at tour marks T1:+1.168/-0.905 T2:+1.168/-0.958 T4:+1.168/-0.922 T8:+1.168/-0.761; changed 67/312 [25s]
(40,10) seed 32 random         : head-floor/mass at tour marks T1:+1.088/-0.925 T2:+1.088/-0.936 T4:+1.088/-1.032 T8:+1.048/-1.002; changed 186/312 [25s]
(40,10) seed 32 omniscient_phi : head-floor/mass at tour marks T1:+1.168/-1.026 T2:+1.168/-1.026 T4:+1.168/-1.026 T8:+1.168/-1.026; changed 29/312 [25s]
(40,10) seed 32 omniscient_head: head-floor/mass at tour marks T1:+1.055/-1.009 T2:+1.055/-1.029 T4:+1.055/-1.029 T8:+1.055/-1.029; changed 40/312 [25s]
(40,10) seed 33 tours          : head-floor/mass at tour marks T1:+0.976/-0.777 T2:+0.976/-0.840 T4:+0.976/-0.948 T8:+0.976/-0.976; changed 125/312 [22s]
(40,10) seed 33 reverse        : head-floor/mass at tour marks T1:+0.976/-0.800 T2:+0.976/-0.802 T4:+0.976/-0.909 T8:+0.976/-0.944; changed 183/312 [22s]
(40,10) seed 33 gh_greedy      : head-floor/mass at tour marks T1:+0.976/-0.779 T2:+0.976/-0.825 T4:+0.976/-0.841 T8:+0.976/-0.881; changed 59/312 [22s]
(40,10) seed 33 random         : head-floor/mass at tour marks T1:+0.976/-0.711 T2:+0.976/-0.844 T4:+0.976/-0.913 T8:+0.943/-0.938; changed 148/312 [22s]
(40,10) seed 33 omniscient_phi : head-floor/mass at tour marks T1:+0.976/-0.934 T2:+0.976/-0.934 T4:+0.976/-0.934 T8:+0.976/-0.934; changed 29/312 [22s]
(40,10) seed 33 omniscient_head: head-floor/mass at tour marks T1:+0.976/-0.934 T2:+0.976/-0.934 T4:+0.976/-0.934 T8:+0.976/-0.934; changed 29/312 [22s]
GAME_DONE
(60,20) seed 31 tours          : head-floor/mass at tour marks T1:+0.457/-0.178 T2:+0.436/-0.229 T4:+0.374/-0.242 T6:+0.317/-0.180; changed 310/354 [97s]
(60,20) seed 31 reverse        : head-floor/mass at tour marks T1:+0.423/-0.103 T2:+0.423/-0.185 T4:+0.406/-0.199 T6:+0.354/-0.234; changed 310/354 [97s]
(60,20) seed 31 gh_greedy      : head-floor/mass at tour marks T1:+0.753/-0.112 T2:+0.457/-0.247 T4:+0.457/-0.238 T6:+0.457/-0.238; changed 71/354 [97s]
(60,20) seed 31 random         : head-floor/mass at tour marks T1:+0.361/-0.135 T2:+0.361/-0.198 T4:+0.298/-0.177 T6:+0.298/-0.262; changed 275/354 [97s]
(60,20) seed 31 omniscient_phi : head-floor/mass at tour marks T1:+0.316/-0.212 T2:+0.316/-0.268 T4:+0.316/-0.268 T6:+0.316/-0.268; changed 69/354 [97s]
(60,20) seed 31 omniscient_head: head-floor/mass at tour marks T1:+0.316/-0.231 T2:+0.316/-0.231 T4:+0.316/-0.231 T6:+0.316/-0.231; changed 47/354 [97s]
(60,20) seed 32 tours          : head-floor/mass at tour marks T1:+0.519/-0.129 T2:+0.416/-0.184 T4:+0.158/-0.096 T6:+0.158/-0.085; changed 300/354 [93s]
(60,20) seed 32 reverse        : head-floor/mass at tour marks T1:+0.424/-0.170 T2:+0.409/-0.260 T4:+0.198/-0.028 T6:+0.198/-0.063; changed 306/354 [93s]
(60,20) seed 32 gh_greedy      : head-floor/mass at tour marks T1:+0.705/-0.198 T2:+0.468/-0.184 T4:+0.468/-0.246 T6:+0.468/-0.258; changed 84/354 [93s]
(60,20) seed 32 random         : head-floor/mass at tour marks T1:+0.383/-0.086 T2:+0.383/-0.201 T4:+0.305/-0.265 T6:+0.301/-0.225; changed 254/354 [93s]
(60,20) seed 32 omniscient_phi : head-floor/mass at tour marks T1:+0.350/-0.245 T2:+0.350/-0.245 T4:+0.350/-0.245 T6:+0.350/-0.245; changed 47/354 [93s]
(60,20) seed 32 omniscient_head: head-floor/mass at tour marks T1:+0.345/-0.244 T2:+0.345/-0.244 T4:+0.345/-0.244 T6:+0.345/-0.244; changed 42/354 [93s]
(60,20) seed 33 tours          : head-floor/mass at tour marks T1:+0.575/-0.134 T2:+0.393/-0.250 T4:+0.272/-0.135 T6:+0.253/-0.212; changed 301/354 [93s]
(60,20) seed 33 reverse        : head-floor/mass at tour marks T1:+0.335/-0.097 T2:+0.335/-0.101 T4:+0.246/-0.085 T6:+0.246/-0.070; changed 313/354 [93s]
(60,20) seed 33 gh_greedy      : head-floor/mass at tour marks T1:+0.575/-0.001 T2:+0.575/-0.030 T4:+0.304/-0.121 T6:+0.304/-0.034; changed 75/354 [93s]
(60,20) seed 33 random         : head-floor/mass at tour marks T1:+0.389/-0.226 T2:+0.389/-0.274 T4:+0.288/-0.218 T6:+0.127/-0.022; changed 291/354 [93s]
(60,20) seed 33 omniscient_phi : head-floor/mass at tour marks T1:+0.424/-0.275 T2:+0.424/-0.275 T4:+0.424/-0.275 T6:+0.424/-0.275; changed 57/354 [93s]
(60,20) seed 33 omniscient_head: head-floor/mass at tour marks T1:+0.304/-0.228 T2:+0.304/-0.233 T4:+0.304/-0.233 T6:+0.304/-0.233; changed 62/354 [93s]
GAME_DONE
