=== 2026-09-01T07:37:40Z d=1003 beta_spec=403 eps=0.01 range [409, 421]
two-sided d=1003 beta=409: fails rhf_lower=1.0039915624696 shift=+0.03411 (dual bound)
two-sided d=1003 beta=410: fails rhf_lower=1.0039853188459 shift=+0.03409 (dual bound)
two-sided d=1003 beta=411: fails rhf_lower=1.0039791001699 shift=+0.03407 (dual bound)
two-sided d=1003 beta=412: fails rhf_lower=1.0039729074466 shift=+0.03405 (dual bound)
two-sided d=1003 beta=413: fails rhf_lower=1.0039667389264 shift=+0.03403 (dual bound)
two-sided d=1003 beta=414: PASSES rhf_lower=1.0039605965057 rhf_witness=1.0039605965057 shift=+0.03401 (primal witness)
two-sided d=1003: beta_floor=414 (134s)
=== run exit 0
=== 2026-09-01T07:39:54Z d=1003 beta_spec=403 eps=0.03 range [401, 413]
two-sided d=1003 beta=401: fails rhf_lower=1.0039902729039 shift=+0.03349 (dual bound)
two-sided d=1003 beta=402: fails rhf_lower=1.0039839412721 shift=+0.03350 (dual bound)
two-sided d=1003 beta=403: fails rhf_lower=1.0039776345057 shift=+0.03350 (dual bound)
two-sided d=1003 beta=404: fails rhf_lower=1.0039713548637 shift=+0.03350 (dual bound)
two-sided d=1003 beta=405: fails rhf_lower=1.0039650999288 shift=+0.03349 (dual bound)
two-sided d=1003 beta=406: PASSES rhf_lower=1.0039588713592 rhf_witness=1.0039588713592 shift=+0.03349 (primal witness)
two-sided d=1003: beta_floor=406 (131s)
=== run exit 0
=== 2026-09-01T07:42:05Z d=1424 beta_spec=625 eps=0.01 range [640, 658]
two-sided d=1424 beta=640: fails rhf_lower=1.0029235944889 shift=+0.03915 (dual bound)
two-sided d=1424 beta=641: fails rhf_lower=1.0029205729207 shift=+0.03919 (dual bound)
two-sided d=1424 beta=642: fails rhf_lower=1.0029175595048 shift=+0.03924 (dual bound)
two-sided d=1424 beta=643: fails rhf_lower=1.0029145544037 shift=+0.03929 (dual bound)
two-sided d=1424 beta=644: fails rhf_lower=1.0029115575449 shift=+0.03934 (dual bound)
two-sided d=1424 beta=645: fails rhf_lower=1.0029085687811 shift=+0.03940 (dual bound)
two-sided d=1424 beta=646: fails rhf_lower=1.0029055883497 shift=+0.03946 (dual bound)
two-sided d=1424 beta=647: fails rhf_lower=1.0029026157948 shift=+0.03953 (dual bound)
two-sided d=1424 beta=648: fails rhf_lower=1.0028996516623 shift=+0.03960 (dual bound)
two-sided d=1424 beta=649: PASSES rhf_lower=1.0028966951893 rhf_witness=1.0028966951893 shift=+0.03968 (primal witness)
two-sided d=1424: beta_floor=649 (770s)
=== run exit 0
=== 2026-09-01T07:54:55Z d=1424 beta_spec=625 eps=0.03 range [629, 647]
two-sided d=1424 beta=629: fails rhf_lower=1.0029239096091 shift=+0.03825 (dual bound)
two-sided d=1424 beta=630: fails rhf_lower=1.0029208429840 shift=+0.03826 (dual bound)
two-sided d=1424 beta=631: fails rhf_lower=1.0029177847362 shift=+0.03828 (dual bound)
two-sided d=1424 beta=632: fails rhf_lower=1.0029147351529 shift=+0.03830 (dual bound)
two-sided d=1424 beta=633: fails rhf_lower=1.0029116937234 shift=+0.03832 (dual bound)
two-sided d=1424 beta=634: fails rhf_lower=1.0029086610464 shift=+0.03834 (dual bound)
two-sided d=1424 beta=635: fails rhf_lower=1.0029056362891 shift=+0.03836 (dual bound)
two-sided d=1424 beta=636: fails rhf_lower=1.0029026203966 shift=+0.03839 (dual bound)
two-sided d=1424 beta=637: fails rhf_lower=1.0028996123460 shift=+0.03842 (dual bound)
two-sided d=1424 beta=638: PASSES rhf_lower=1.0028966129381 rhf_witness=1.0028966129381 shift=+0.03846 (primal witness)
two-sided d=1424: beta_floor=638 (926s)
=== run exit 0
=== 2026-09-01T08:10:21Z d=1885 beta_spec=877 eps=0.01 range [902, 926]
two-sided d=1885 beta=902: fails rhf_lower=1.0022808141622 shift=+0.04955 (dual bound)
two-sided d=1885 beta=903: fails rhf_lower=1.0022791123375 shift=+0.04978 (dual bound)
two-sided d=1885 beta=904: fails rhf_lower=1.0022774141305 shift=+0.05001 (dual bound)
two-sided d=1885 beta=905: fails rhf_lower=1.0022757191669 shift=+0.05025 (dual bound)
two-sided d=1885 beta=906: fails rhf_lower=1.0022740277353 shift=+0.05049 (dual bound)
two-sided d=1885 beta=907: fails rhf_lower=1.0022723395937 shift=+0.05074 (dual bound)
two-sided d=1885 beta=908: fails rhf_lower=1.0022706548986 shift=+0.05099 (dual bound)
two-sided d=1885 beta=909: fails rhf_lower=1.0022689735402 shift=+0.05125 (dual bound)
two-sided d=1885 beta=910: fails rhf_lower=1.0022672955431 shift=+0.05152 (dual bound)
two-sided d=1885 beta=911: fails rhf_lower=1.0022656209294 shift=+0.05179 (dual bound)
two-sided d=1885 beta=912: fails rhf_lower=1.0022639495922 shift=+0.05207 (dual bound)
two-sided d=1885 beta=913: fails rhf_lower=1.0022622816849 shift=+0.05235 (dual bound)
two-sided d=1885 beta=914: fails rhf_lower=1.0022606169697 shift=+0.05264 (dual bound)
two-sided d=1885 beta=915: fails rhf_lower=1.0022589557309 shift=+0.05294 (dual bound)
two-sided d=1885 beta=916: fails rhf_lower=1.0022572975921 shift=+0.05324 (dual bound)
two-sided d=1885 beta=917: PASSES rhf_lower=1.0022556429922 rhf_witness=1.0022556429922 shift=+0.05355 (primal witness)
two-sided d=1885: beta_floor=917 (3080s)
=== run exit 0
=== 2026-09-01T09:01:41Z d=1885 beta_spec=877 eps=0.03 range [889, 913]
two-sided d=1885 beta=889: fails rhf_lower=1.0022794350129 shift=+0.04643 (dual bound)
two-sided d=1885 beta=890: fails rhf_lower=1.0022777119884 shift=+0.04659 (dual bound)
two-sided d=1885 beta=891: fails rhf_lower=1.0022759923951 shift=+0.04676 (dual bound)
two-sided d=1885 beta=892: fails rhf_lower=1.0022742763124 shift=+0.04693 (dual bound)
two-sided d=1885 beta=893: fails rhf_lower=1.0022725637073 shift=+0.04711 (dual bound)
two-sided d=1885 beta=894: fails rhf_lower=1.0022708545262 shift=+0.04729 (dual bound)
two-sided d=1885 beta=895: fails rhf_lower=1.0022691488690 shift=+0.04747 (dual bound)
two-sided d=1885 beta=896: fails rhf_lower=1.0022674465495 shift=+0.04766 (dual bound)
two-sided d=1885 beta=897: fails rhf_lower=1.0022657478003 shift=+0.04786 (dual bound)
two-sided d=1885 beta=898: fails rhf_lower=1.0022640523029 shift=+0.04806 (dual bound)
two-sided d=1885 beta=899: fails rhf_lower=1.0022623604219 shift=+0.04826 (dual bound)
two-sided d=1885 beta=900: fails rhf_lower=1.0022606717407 shift=+0.04847 (dual bound)
two-sided d=1885 beta=901: fails rhf_lower=1.0022589866555 shift=+0.04868 (dual bound)
two-sided d=1885 beta=902: fails rhf_lower=1.0022573047839 shift=+0.04890 (dual bound)
two-sided d=1885 beta=903: PASSES rhf_lower=1.0022556264228 rhf_witness=1.0022556264228 shift=+0.04913 (primal witness)
two-sided d=1885: beta_floor=903 (4584s)
=== run exit 0
TWO_SIDED_EPS_DONE
