Kyber512 cn b=395: gh margin -0.17286 at m=500; entry margin -0.17286 at m=500  [25s]
Kyber512 cn b=396: gh margin -0.16453 at m=500; entry margin -0.16453 at m=500  [48s]
Kyber512 cn b=397: gh margin -0.15623 at m=500; entry margin -0.15623 at m=500  [70s]
Kyber512 cn b=398: gh margin -0.14796 at m=508; entry margin -0.14796 at m=504  [95s]
Kyber512 cn b=399: gh margin -0.13971 at m=504; entry margin -0.13971 at m=504  [117s]
Kyber512 cn b=400: gh margin -0.13148 at m=504; entry margin -0.13148 at m=504  [142s]
Kyber512 cn b=401: gh margin -0.12327 at m=504; entry margin -0.12327 at m=504  [166s]
Kyber512 cn b=402: gh margin -0.11509 at m=508; entry margin -0.11509 at m=508  [190s]
Kyber512 cn b=403: gh margin -0.10694 at m=508; entry margin -0.10694 at m=508  [215s]
Kyber512 cn b=404: gh margin -0.09880 at m=508; entry margin -0.09880 at m=508  [239s]
Kyber512 cn b=405: gh margin -0.09069 at m=508; entry margin -0.09069 at m=508  [263s]
Kyber512 cn b=406: gh margin -0.08261 at m=508; entry margin -0.08261 at m=508  [286s]
Kyber512 cn b=407: gh margin -0.07454 at m=512; entry margin -0.07454 at m=512  [310s]
Kyber512 cn b=408: gh margin -0.06650 at m=512; entry margin -0.06650 at m=512  [334s]
Kyber512 cn b=409: gh margin -0.05848 at m=512; entry margin -0.05848 at m=512  [358s]
Kyber512 cn b=410: gh margin -0.05049 at m=516; entry margin -0.05049 at m=512  [381s]
Kyber512 cn b=411: gh margin -0.04251 at m=512; entry margin -0.04251 at m=512  [403s]
Kyber512 cn b=412: gh margin -0.03456 at m=516; entry margin -0.03456 at m=516  [424s]
Kyber512 cn b=413: gh margin -0.02663 at m=516; entry margin -0.02663 at m=516  [447s]
Kyber512 cn b=414: gh margin -0.01873 at m=516; entry margin -0.01873 at m=516  [469s]
Kyber512 cn b=415: gh margin -0.01085 at m=516; entry margin -0.01085 at m=516  [492s]
Kyber512 cn b=416: gh margin -0.00298 at m=516; entry margin -0.00298 at m=516  [515s]
Kyber512 cn b=417: gh margin +0.00486 at m=520; entry margin +0.00486 at m=520  [539s]
Kyber512 cn b=418: gh margin +0.01268 at m=520; entry margin +0.01268 at m=520  [563s]
Kyber512 cn b=419: gh margin +0.02047 at m=520; entry margin +0.02047 at m=520  [584s]
== Kyber512 cn: least passing b (gh) = {'b': 417, 'm': 520, 'd': 1033, 'margin': 0.004857314016540215, 'tours': 58}, (entry) = {'b': 417, 'm': 520, 'd': 1033, 'margin': 0.004857314016538439, 'tours': 58}
Kyber512 bsw b=395: gh margin -0.17327 at m=576; entry margin -0.16885 at m=576  [27s]
Kyber512 bsw b=396: gh margin -0.16493 at m=576; entry margin -0.16084 at m=544  [53s]
Kyber512 bsw b=397: gh margin -0.15665 at m=576; entry margin -0.15358 at m=672  [80s]
Kyber512 bsw b=398: gh margin -0.14838 at m=608; entry margin -0.14444 at m=672  [107s]
Kyber512 bsw b=399: gh margin -0.14011 at m=608; entry margin -0.13448 at m=512  [134s]
Kyber512 bsw b=400: gh margin -0.13189 at m=576; entry margin -0.12917 at m=480  [160s]
Kyber512 bsw b=401: gh margin -0.12370 at m=576; entry margin -0.12151 at m=640  [186s]
Kyber512 bsw b=402: gh margin -0.11551 at m=576; entry margin -0.11060 at m=736  [212s]
Kyber512 bsw b=403: gh margin -0.10734 at m=576; entry margin -0.10246 at m=736  [237s]
Kyber512 bsw b=404: gh margin -0.09921 at m=576; entry margin -0.09548 at m=512  [263s]
Kyber512 bsw b=405: gh margin -0.09110 at m=576; entry margin -0.08895 at m=512  [289s]
Kyber512 bsw b=406: gh margin -0.08301 at m=576; entry margin -0.07692 at m=544  [315s]
Kyber512 bsw b=407: gh margin -0.07493 at m=576; entry margin -0.07156 at m=608  [341s]
Kyber512 bsw b=408: gh margin -0.06689 at m=576; entry margin -0.06525 at m=544  [367s]
Kyber512 bsw b=409: gh margin -0.05886 at m=576; entry margin -0.05401 at m=640  [393s]
Kyber512 bsw b=410: gh margin -0.05086 at m=576; entry margin -0.04675 at m=672  [420s]
Kyber512 bsw b=411: gh margin -0.04290 at m=576; entry margin -0.03919 at m=640  [447s]
Kyber512 bsw b=412: gh margin -0.03497 at m=672; entry margin -0.03260 at m=608  [473s]
Kyber512 bsw b=413: gh margin -0.02703 at m=576; entry margin -0.02479 at m=544  [499s]
Kyber512 bsw b=414: gh margin -0.01911 at m=576; entry margin -0.01493 at m=576  [525s]
Kyber512 bsw b=415: gh margin -0.01122 at m=576; entry margin -0.00554 at m=672  [552s]
Kyber512 bsw b=416: gh margin -0.00337 at m=576; entry margin +0.00119 at m=608  [578s]
Kyber512 bsw b=417: gh margin +0.00446 at m=672; entry margin +0.00835 at m=704  [603s]
Kyber512 bsw b=418: gh margin +0.01230 at m=672; entry margin +0.01732 at m=672  [628s]
Kyber512 bsw b=419: gh margin +0.02011 at m=672; entry margin +0.02321 at m=640  [653s]
== Kyber512 bsw: least passing b (gh) = {'b': 417, 'm': 672, 'd': 1185, 'margin': 0.004463926310297239, 'tours': 50}, (entry) = {'b': 416, 'm': 608, 'd': 1121, 'margin': 0.0011851469415646854, 'tours': 50}
Kyber768 cn b=617: gh margin -0.13797 at m=680; entry margin -0.13797 at m=680  [40s]
Kyber768 cn b=618: gh margin -0.13215 at m=680; entry margin -0.13215 at m=680  [80s]
Kyber768 cn b=619: gh margin -0.12634 at m=680; entry margin -0.12634 at m=680  [118s]
Kyber768 cn b=620: gh margin -0.12054 at m=684; entry margin -0.12054 at m=684  [155s]
Kyber768 cn b=621: gh margin -0.11475 at m=688; entry margin -0.11475 at m=684  [196s]
Kyber768 cn b=622: gh margin -0.10897 at m=684; entry margin -0.10897 at m=684  [233s]
Kyber768 cn b=623: gh margin -0.10321 at m=684; entry margin -0.10321 at m=684  [271s]
Kyber768 cn b=624: gh margin -0.09745 at m=684; entry margin -0.09745 at m=684  [311s]
Kyber768 cn b=625: gh margin -0.09171 at m=688; entry margin -0.09171 at m=688  [352s]
Kyber768 cn b=626: gh margin -0.08597 at m=688; entry margin -0.08597 at m=688  [389s]
Kyber768 cn b=627: gh margin -0.08025 at m=688; entry margin -0.08025 at m=688  [427s]
Kyber768 cn b=628: gh margin -0.07454 at m=688; entry margin -0.07454 at m=688  [467s]
Kyber768 cn b=629: gh margin -0.06884 at m=688; entry margin -0.06884 at m=688  [503s]
Kyber768 cn b=630: gh margin -0.06315 at m=692; entry margin -0.06315 at m=692  [541s]
Kyber768 cn b=631: gh margin -0.05747 at m=692; entry margin -0.05747 at m=692  [579s]
Kyber768 cn b=632: gh margin -0.05180 at m=692; entry margin -0.05180 at m=692  [617s]
Kyber768 cn b=633: gh margin -0.04614 at m=692; entry margin -0.04614 at m=692  [655s]
Kyber768 cn b=634: gh margin -0.04050 at m=692; entry margin -0.04050 at m=692  [696s]
Kyber768 cn b=635: gh margin -0.03486 at m=700; entry margin -0.03486 at m=696  [743s]
Kyber768 cn b=636: gh margin -0.02924 at m=696; entry margin -0.02924 at m=696  [788s]
Kyber768 cn b=637: gh margin -0.02362 at m=700; entry margin -0.02362 at m=696  [826s]
Kyber768 cn b=638: gh margin -0.01802 at m=696; entry margin -0.01802 at m=696  [872s]
Kyber768 cn b=639: gh margin -0.01242 at m=696; entry margin -0.01242 at m=696  [907s]
Kyber768 cn b=640: gh margin -0.00684 at m=700; entry margin -0.00684 at m=700  [953s]
Kyber768 cn b=641: gh margin -0.00127 at m=700; entry margin -0.00127 at m=700  [1003s]
Kyber768 cn b=642: gh margin +0.00429 at m=700; entry margin +0.00429 at m=700  [1053s]
Kyber768 cn b=643: gh margin +0.00985 at m=700; entry margin +0.00985 at m=700  [1097s]
Kyber768 cn b=644: gh margin +0.01539 at m=700; entry margin +0.01539 at m=700  [1142s]
== Kyber768 cn: least passing b (gh) = {'b': 642, 'm': 700, 'd': 1469, 'margin': 0.004294025172184135, 'tours': 40}, (entry) = {'b': 642, 'm': 700, 'd': 1469, 'margin': 0.004294025172183247, 'tours': 40}
Kyber768 bsw b=617: gh margin -0.13811 at m=832; entry margin -0.13633 at m=672  [85s]
Kyber768 bsw b=618: gh margin -0.13228 at m=832; entry margin -0.12856 at m=1024  [164s]
Kyber768 bsw b=619: gh margin -0.12646 at m=832; entry margin -0.12451 at m=864  [245s]
Kyber768 bsw b=620: gh margin -0.12067 at m=832; entry margin -0.11789 at m=896  [324s]
Kyber768 bsw b=621: gh margin -0.11489 at m=832; entry margin -0.11110 at m=928  [401s]
Kyber768 bsw b=622: gh margin -0.10911 at m=832; entry margin -0.10618 at m=704  [478s]
Kyber768 bsw b=623: gh margin -0.10334 at m=832; entry margin -0.10056 at m=960  [558s]
Kyber768 bsw b=624: gh margin -0.09758 at m=832; entry margin -0.09428 at m=896  [635s]
Kyber768 bsw b=625: gh margin -0.09184 at m=832; entry margin -0.08795 at m=736  [704s]
Kyber768 bsw b=626: gh margin -0.08610 at m=832; entry margin -0.08442 at m=832  [769s]
Kyber768 bsw b=627: gh margin -0.08037 at m=832; entry margin -0.07828 at m=992  [838s]
Kyber768 bsw b=628: gh margin -0.07467 at m=832; entry margin -0.07325 at m=736  [914s]
Kyber768 bsw b=629: gh margin -0.06897 at m=832; entry margin -0.06582 at m=864  [988s]
Kyber768 bsw b=630: gh margin -0.06327 at m=832; entry margin -0.06086 at m=864  [1062s]
Kyber768 bsw b=631: gh margin -0.05759 at m=832; entry margin -0.05584 at m=896  [1138s]
Kyber768 bsw b=632: gh margin -0.05192 at m=832; entry margin -0.05122 at m=800  [1213s]
Kyber768 bsw b=633: gh margin -0.04626 at m=832; entry margin -0.04404 at m=928  [1289s]
Kyber768 bsw b=634: gh margin -0.04062 at m=832; entry margin -0.03820 at m=800  [1363s]
Kyber768 bsw b=635: gh margin -0.03498 at m=832; entry margin -0.03207 at m=800  [1439s]
Kyber768 bsw b=636: gh margin -0.02936 at m=832; entry margin -0.02593 at m=992  [1514s]
Kyber768 bsw b=637: gh margin -0.02374 at m=832; entry margin -0.02169 at m=992  [1588s]
Kyber768 bsw b=638: gh margin -0.01813 at m=832; entry margin -0.01522 at m=896  [1664s]
Kyber768 bsw b=639: gh margin -0.01253 at m=832; entry margin -0.00975 at m=896  [1738s]
Kyber768 bsw b=640: gh margin -0.00695 at m=832; entry margin -0.00492 at m=864  [1813s]
Kyber768 bsw b=641: gh margin -0.00137 at m=832; entry margin -0.00013 at m=800  [1884s]
Kyber768 bsw b=642: gh margin +0.00420 at m=832; entry margin +0.00674 at m=1024  [1957s]
Kyber768 bsw b=643: gh margin +0.00973 at m=832; entry margin +0.01126 at m=896  [2029s]
Kyber768 bsw b=644: gh margin +0.01527 at m=832; entry margin +0.01805 at m=736  [2104s]
== Kyber768 bsw: least passing b (gh) = {'b': 642, 'm': 832, 'd': 1601, 'margin': 0.004198928476196961, 'tours': 50}, (entry) = {'b': 642, 'm': 1024, 'd': 1793, 'margin': 0.006741710375731458, 'tours': 50}
Kyber1024 cn b=869: gh margin -0.12760 at m=1280; entry margin -0.12760 at m=1280  [14s]
Kyber1024 cn b=870: gh margin -0.12327 at m=1280; entry margin -0.12327 at m=1280  [26s]
Kyber1024 cn b=871: gh margin -0.11895 at m=1280; entry margin -0.11895 at m=1280  [40s]
Kyber1024 cn b=872: gh margin -0.11463 at m=1280; entry margin -0.11463 at m=1280  [54s]
Kyber1024 cn b=873: gh margin -0.11031 at m=1280; entry margin -0.11031 at m=1280  [67s]
Kyber1024 cn b=874: gh margin -0.10601 at m=1280; entry margin -0.10601 at m=1280  [79s]
Kyber1024 cn b=875: gh margin -0.10171 at m=1280; entry margin -0.10171 at m=1280  [92s]
Kyber1024 cn b=876: gh margin -0.09741 at m=1280; entry margin -0.09741 at m=1280  [105s]
Kyber1024 cn b=877: gh margin -0.09312 at m=1280; entry margin -0.09312 at m=1280  [118s]
Kyber1024 cn b=878: gh margin -0.08884 at m=1280; entry margin -0.08884 at m=1280  [130s]
Kyber1024 cn b=879: gh margin -0.08456 at m=1280; entry margin -0.08456 at m=1280  [143s]
Kyber1024 cn b=880: gh margin -0.08029 at m=1280; entry margin -0.08029 at m=1280  [156s]
Kyber1024 cn b=881: gh margin -0.07603 at m=1280; entry margin -0.07603 at m=1280  [170s]
Kyber1024 cn b=882: gh margin -0.07177 at m=1280; entry margin -0.07177 at m=1280  [183s]
Kyber1024 cn b=883: gh margin -0.06751 at m=1280; entry margin -0.06751 at m=1280  [195s]
Kyber1024 cn b=884: gh margin -0.06327 at m=1280; entry margin -0.06327 at m=1280  [208s]
Kyber1024 cn b=885: gh margin -0.05903 at m=1276; entry margin -0.05903 at m=1276  [220s]
Kyber1024 cn b=886: gh margin -0.05479 at m=1280; entry margin -0.05479 at m=1280  [232s]
Kyber1024 cn b=887: gh margin -0.05056 at m=1280; entry margin -0.05056 at m=1280  [244s]
Kyber1024 cn b=888: gh margin -0.04634 at m=1268; entry margin -0.04634 at m=1268  [256s]
Kyber1024 cn b=889: gh margin -0.04212 at m=1280; entry margin -0.04212 at m=1280  [268s]
Kyber1024 cn b=890: gh margin -0.03791 at m=1280; entry margin -0.03791 at m=1280  [280s]
Kyber1024 cn b=891: gh margin -0.03370 at m=1280; entry margin -0.03370 at m=1280  [292s]
Kyber1024 cn b=892: gh margin -0.02950 at m=1280; entry margin -0.02950 at m=1280  [302s]
Kyber1024 cn b=893: gh margin -0.02531 at m=1280; entry margin -0.02531 at m=1280  [314s]
Kyber1024 cn b=894: gh margin -0.02112 at m=1280; entry margin -0.02112 at m=1280  [329s]
Kyber1024 cn b=895: gh margin -0.01693 at m=1280; entry margin -0.01693 at m=1280  [341s]
Kyber1024 cn b=896: gh margin -0.01276 at m=1280; entry margin -0.01276 at m=1280  [353s]
Kyber1024 cn b=897: gh margin -0.00859 at m=1280; entry margin -0.00859 at m=1280  [365s]
Kyber1024 cn b=898: gh margin -0.00442 at m=1280; entry margin -0.00442 at m=1280  [378s]
Kyber1024 cn b=899: gh margin -0.00026 at m=1280; entry margin -0.00026 at m=1280  [392s]
Kyber1024 cn b=900: gh margin +0.00389 at m=1280; entry margin +0.00389 at m=1280  [404s]
Kyber1024 cn b=901: gh margin +0.00804 at m=1280; entry margin +0.00804 at m=1280  [415s]
Kyber1024 cn b=902: gh margin +0.01218 at m=1280; entry margin +0.01218 at m=1280  [427s]
== Kyber1024 cn: least passing b (gh) = {'b': 900, 'm': 1280, 'd': 2305, 'margin': 0.003893517782658229, 'tours': 27}, (entry) = {'b': 900, 'm': 1280, 'd': 2305, 'margin': 0.003893517782477929, 'tours': 27}
Kyber1024 bsw b=869: gh margin -0.12769 at m=1024; entry margin -0.12593 at m=896  [144s]
Kyber1024 bsw b=870: gh margin -0.12336 at m=1024; entry margin -0.12112 at m=1248  [287s]
Kyber1024 bsw b=871: gh margin -0.11903 at m=1024; entry margin -0.11724 at m=1024  [427s]
Kyber1024 bsw b=872: gh margin -0.11471 at m=1024; entry margin -0.11268 at m=1216  [570s]
