kyber512 eps1=1 b=403: 476/476 admissible m fail rigorously; non-failing: [] [59.8s]
kyber512 eps1=1 b=404: 474/474 admissible m fail rigorously; non-failing: [] [63.5s]
kyber512 eps1=1 b=405: 472/472 admissible m fail rigorously; non-failing: [] [54.7s]
kyber512 eps1=1 b=406: 470/470 admissible m fail rigorously; non-failing: [] [63.6s]
kyber512 eps1=1 b=407: 468/468 admissible m fail rigorously; non-failing: [] [59.2s]
kyber512 eps1=1 b=408: 466/466 admissible m fail rigorously; non-failing: [] [62.4s]
kyber512 eps1=1 b=409: 464/464 admissible m fail rigorously; non-failing: [] [49.5s]
kyber512 eps1=1 b=410: 462/462 admissible m fail rigorously; non-failing: [] [62.9s]
kyber512 eps1=1 b=411: 460/460 admissible m fail rigorously; non-failing: [] [58.6s]
kyber512 eps1=1 b=412: 458/458 admissible m fail rigorously; non-failing: [] [62.2s]
kyber512 eps1=1 b=413: 456/456 admissible m fail rigorously; non-failing: [] [53.6s]
kyber512 eps1=1 b=414: 454/454 admissible m fail rigorously; non-failing: [] [62.3s]
kyber512 eps1=1 b=415: 452/452 admissible m fail rigorously; non-failing: [] [57.9s]
kyber512 eps1=1 b=416: 450/450 admissible m fail rigorously; non-failing: [] [60.3s]
kyber512: every b in [403, 416] fails at every admissible m under head slack 1: True
kyber768 eps1=1 b=621: 552/552 admissible m fail rigorously; non-failing: [] [156.8s]
kyber768 eps1=1 b=622: 550/550 admissible m fail rigorously; non-failing: [] [181.3s]
kyber768 eps1=1 b=623: 548/548 admissible m fail rigorously; non-failing: [] [168.8s]
kyber768 eps1=1 b=624: 546/546 admissible m fail rigorously; non-failing: [] [176.6s]
kyber768 eps1=1 b=625: 544/544 admissible m fail rigorously; non-failing: [] [130.3s]
kyber768 eps1=1 b=626: 542/542 admissible m fail rigorously; non-failing: [] [179.8s]
kyber768 eps1=1 b=627: 540/540 admissible m fail rigorously; non-failing: [] [170.7s]
kyber768 eps1=1 b=628: 538/538 admissible m fail rigorously; non-failing: [] [177.4s]
kyber768 eps1=1 b=629: 536/536 admissible m fail rigorously; non-failing: [] [153.7s]
kyber768 eps1=1 b=630: 534/534 admissible m fail rigorously; non-failing: [] [177.6s]
kyber768 eps1=1 b=631: 532/532 admissible m fail rigorously; non-failing: [] [165.5s]
kyber768 eps1=1 b=632: 530/530 admissible m fail rigorously; non-failing: [] [174.4s]
kyber768 eps1=1 b=633: 528/528 admissible m fail rigorously; non-failing: [] [139.3s]
kyber768 eps1=1 b=634: 526/526 admissible m fail rigorously; non-failing: [] [175.8s]
kyber768 eps1=1 b=635: 524/524 admissible m fail rigorously; non-failing: [] [163.9s]
kyber768 eps1=1 b=636: 522/522 admissible m fail rigorously; non-failing: [] [173.6s]
kyber768 eps1=1 b=637: 520/520 admissible m fail rigorously; non-failing: [] [150.4s]
kyber768 eps1=1 b=638: 518/518 admissible m fail rigorously; non-failing: [] [173.7s]
kyber768 eps1=1 b=639: 516/516 admissible m fail rigorously; non-failing: [] [162.0s]
kyber768 eps1=1 b=640: 514/514 admissible m fail rigorously; non-failing: [] [166.2s]
kyber768 eps1=1 b=641: 512/512 admissible m fail rigorously; non-failing: [] [91.3s]
kyber768: every b in [621, 641] fails at every admissible m under head slack 1: True
kyber1024 eps1=1 b=871: 564/564 admissible m fail rigorously; non-failing: [] [352.0s]
kyber1024 eps1=1 b=872: 562/562 admissible m fail rigorously; non-failing: [] [371.0s]
kyber1024 eps1=1 b=873: 560/560 admissible m fail rigorously; non-failing: [] [297.7s]
kyber1024 eps1=1 b=874: 558/558 admissible m fail rigorously; non-failing: [] [375.0s]
kyber1024 eps1=1 b=875: 556/556 admissible m fail rigorously; non-failing: [] [348.3s]
kyber1024 eps1=1 b=876: 554/554 admissible m fail rigorously; non-failing: [] [369.3s]
kyber1024 eps1=1 b=877: 552/552 admissible m fail rigorously; non-failing: [] [320.0s]
kyber1024 eps1=1 b=878: 550/550 admissible m fail rigorously; non-failing: [] [369.1s]
kyber1024 eps1=1 b=879: 548/548 admissible m fail rigorously; non-failing: [] [344.4s]
kyber1024 eps1=1 b=880: 546/546 admissible m fail rigorously; non-failing: [] [361.1s]
kyber1024 eps1=1 b=881: 544/544 admissible m fail rigorously; non-failing: [] [267.8s]
kyber1024 eps1=1 b=882: 542/542 admissible m fail rigorously; non-failing: [] [369.0s]
kyber1024 eps1=1 b=883: 540/540 admissible m fail rigorously; non-failing: [] [347.2s]
kyber1024 eps1=1 b=884: 538/538 admissible m fail rigorously; non-failing: [] [361.0s]
kyber1024 eps1=1 b=885: 536/536 admissible m fail rigorously; non-failing: [] [314.7s]
kyber1024 eps1=1 b=886: 534/534 admissible m fail rigorously; non-failing: [] [369.8s]
kyber1024 eps1=1 b=887: 532/532 admissible m fail rigorously; non-failing: [] [352.4s]
kyber1024 eps1=1 b=888: 530/530 admissible m fail rigorously; non-failing: [] [375.5s]
kyber1024 eps1=1 b=889: 528/528 admissible m fail rigorously; non-failing: [] [300.9s]
kyber1024 eps1=1 b=890: 526/526 admissible m fail rigorously; non-failing: [] [373.1s]
kyber1024 eps1=1 b=891: 524/524 admissible m fail rigorously; non-failing: [] [335.7s]
kyber1024 eps1=1 b=892: 522/522 admissible m fail rigorously; non-failing: [] [353.8s]
kyber1024 eps1=1 b=893: 520/520 admissible m fail rigorously; non-failing: [] [305.8s]
kyber1024 eps1=1 b=894: 518/518 admissible m fail rigorously; non-failing: [] [352.2s]
kyber1024 eps1=1 b=895: 516/516 admissible m fail rigorously; non-failing: [] [328.6s]
kyber1024 eps1=1 b=896: 514/514 admissible m fail rigorously; non-failing: [] [338.7s]
kyber1024 eps1=1 b=897: 512/512 admissible m fail rigorously; non-failing: [] [191.7s]
kyber1024 eps1=1 b=898: 510/510 admissible m fail rigorously; non-failing: [] [347.6s]
kyber1024 eps1=1 b=899: 474/508 admissible m fail rigorously; non-failing: [873, 874, 875, 876, 877] [324.6s]
kyber1024: every b in [871, 899] fails at every admissible m under head slack 1: False
HEAD_SLACK_DONE {'kyber512': True, 'kyber768': True, 'kyber1024': False}
