(40,8) seed 1: bounded forward max|dprofile| 0.00e+00 blocks vol 1.42e-14 min 0.00e+00 flags equal 39/39; bounded reverse max|dprofile| 0.141 (38 positions) flags equal 2/39; conveyor vs bounded forward: max|dprofile| 0.143, head diff -0.0631, flags equal 2/39 [0s]
   single insertion kappa=5: inserted True; max diff at forced starts 6.61e-15, 11/11 predicted-dependent starts differ (max 0.153); profile differs at [6, 7, 8, 9, 10, 11, 12]
   single insertion kappa=25: inserted True; max diff at forced starts 7.55e-15, 12/12 predicted-dependent starts differ (max 0.076); profile differs at [26, 27, 28, 29, 30, 31, 32]
   conveyor vs bounded over 32 tours: head diff after 1/2/4/8/.../32 tours -0.0631 -0.0906 -0.0180 -0.0180 +0.0000 +0.0000; masses T=2: bounded -1.3366 (R 0.265) conveyor -1.3364 (R 0.174); T=8: bounded -1.3684 (R 0.142) conveyor -1.4926 (R 0.000); T=32: bounded -1.4926 (R 0.000) conveyor -1.4926 (R 0.000) [0s]
(40,8) seed 2: bounded forward max|dprofile| 3.55e-15 blocks vol 1.42e-14 min 3.55e-15 flags equal 39/39; bounded reverse max|dprofile| 0.140 (39 positions) flags equal 1/39; conveyor vs bounded forward: max|dprofile| 0.184, head diff -0.1844, flags equal 12/39 [0s]
   single insertion kappa=5: inserted True; max diff at forced starts 1.03e-14, 10/11 predicted-dependent starts differ (max 0.058); profile differs at [7, 8, 9, 10, 11, 12]
   single insertion kappa=25: inserted False; max diff at forced starts 7.33e-15, 12/12 predicted-dependent starts differ (max 0.117); profile differs at [26, 27, 28, 29, 30, 31, 32]
   conveyor vs bounded over 32 tours: head diff after 1/2/4/8/.../32 tours -0.1844 +0.0000 +0.0000 +0.0000 +0.0000 +0.0000; masses T=2: bounded -1.3708 (R 0.126) conveyor -1.3331 (R 0.163); T=8: bounded -1.3892 (R 0.107) conveyor -1.4964 (R 0.000); T=32: bounded -1.4964 (R 0.000) conveyor -1.4964 (R 0.000) [0s]
(40,8) seed 3: bounded forward max|dprofile| 0.00e+00 blocks vol 2.84e-14 min 0.00e+00 flags equal 39/39; bounded reverse max|dprofile| 0.171 (37 positions) flags equal 5/39; conveyor vs bounded forward: max|dprofile| 0.178, head diff -0.1778, flags equal 5/39 [0s]
   single insertion kappa=5: inserted True; max diff at forced starts 2.64e-14, 11/11 predicted-dependent starts differ (max 0.067); profile differs at [6, 7, 8, 9, 10, 11, 12]
   single insertion kappa=25: inserted False; max diff at forced starts 3.22e-14, 12/12 predicted-dependent starts differ (max 0.060); profile differs at [26, 27, 28, 29, 30, 31, 32]
   conveyor vs bounded over 32 tours: head diff after 1/2/4/8/.../32 tours -0.1778 +0.0000 +0.0000 +0.0000 +0.0000 +0.0000; masses T=2: bounded -1.4962 (R 0.111) conveyor -1.4820 (R 0.126); T=8: bounded -1.3915 (R 0.102) conveyor -1.4821 (R 0.011); T=32: bounded -1.4933 (R 0.000) conveyor -1.4933 (R 0.000) [0s]
(60,20) seed 1: bounded forward max|dprofile| 4.77e-13 blocks vol 1.36e-12 min 2.22e-13 flags equal 59/59; bounded reverse max|dprofile| 0.188 (59 positions) flags equal 1/59; conveyor vs bounded forward: max|dprofile| 0.177, head diff -0.0772, flags equal 0/59 [1s]
   single insertion kappa=5: inserted True; max diff at forced starts 5.14e-13, 22/23 predicted-dependent starts differ (max 0.139); profile differs at [7, 8, 9, 10, 11, 12, 13, 14, 15, 16, 17, 18, 19, 20, 21, 22, 23, 24]
   single insertion kappa=25: inserted True; max diff at forced starts 3.78e-13, 36/36 predicted-dependent starts differ (max 0.098); profile differs at [26, 27, 28, 29, 30, 31, 32, 33, 34, 35, 36, 37, 38, 39, 40, 41, 42, 43, 44]
   conveyor vs bounded over 32 tours: head diff after 1/2/4/8/.../32 tours -0.0772 -0.0597 -0.0421 +0.0229 +0.0338 +0.0647; masses T=2: bounded -0.0999 (R 0.299) conveyor -0.2336 (R 0.106); T=8: bounded -0.1593 (R 0.056) conveyor -0.1939 (R 0.045); T=32: bounded -0.1661 (R -0.000) conveyor -0.2308 (R -0.000) [1s]
(60,20) seed 2: bounded forward max|dprofile| 1.61e-13 blocks vol 2.29e-12 min 1.61e-13 flags equal 59/59; bounded reverse max|dprofile| 0.196 (59 positions) flags equal 1/59; conveyor vs bounded forward: max|dprofile| 0.115, head diff +0.0000, flags equal 1/59 [1s]
   single insertion kappa=5: inserted True; max diff at forced starts 4.50e-13, 23/23 predicted-dependent starts differ (max 0.188); profile differs at [6, 7, 8, 9, 10, 11, 12, 13, 14, 15, 16, 17, 18, 19, 20, 21, 22, 23, 24]
   single insertion kappa=25: inserted True; max diff at forced starts 3.70e-13, 36/36 predicted-dependent starts differ (max 0.088); profile differs at [26, 27, 28, 29, 30, 31, 32, 33, 34, 35, 36, 37, 38, 39, 40, 41, 42, 43, 44]
   conveyor vs bounded over 32 tours: head diff after 1/2/4/8/.../32 tours +0.0000 -0.0794 +0.0118 -0.0203 +0.0000 +0.0000; masses T=2: bounded -0.2233 (R 0.160) conveyor -0.2229 (R 0.081); T=8: bounded -0.1686 (R 0.022) conveyor -0.1282 (R 0.042); T=32: bounded -0.1707 (R -0.000) conveyor -0.1707 (R -0.000) [1s]
(60,20) seed 3: bounded forward max|dprofile| 0.00e+00 blocks vol 2.46e-12 min 0.00e+00 flags equal 59/59; bounded reverse max|dprofile| 0.159 (60 positions) flags equal 0/59; conveyor vs bounded forward: max|dprofile| 0.175, head diff +0.0000, flags equal 2/59 [1s]
   single insertion kappa=5: inserted True; max diff at forced starts 4.74e-13, 23/23 predicted-dependent starts differ (max 0.128); profile differs at [6, 7, 8, 9, 10, 11, 12, 13, 14, 15, 16, 17, 18, 19, 20, 21, 22, 23, 24]
   single insertion kappa=25: inserted True; max diff at forced starts 3.40e-12, 36/36 predicted-dependent starts differ (max 0.136); profile differs at [26, 27, 28, 29, 30, 31, 32, 33, 34, 35, 36, 37, 38, 39, 40, 41, 42, 43, 44]
   conveyor vs bounded over 32 tours: head diff after 1/2/4/8/.../32 tours +0.0000 +0.0000 -0.0052 -0.0036 +0.0165 -0.0162; masses T=2: bounded -0.1909 (R 0.233) conveyor -0.2459 (R 0.178); T=8: bounded -0.1867 (R 0.043) conveyor -0.2011 (R 0.025); T=32: bounded -0.1630 (R 0.010) conveyor -0.1565 (R -0.000) [1s]
(80,30) seed 1: bounded forward max|dprofile| 4.69e-12 blocks vol 2.73e-11 min 4.69e-12 flags equal 79/79; bounded reverse max|dprofile| 0.274 (79 positions) flags equal 1/79; conveyor vs bounded forward: max|dprofile| 0.174, head diff -0.0561, flags equal 7/79 [3s]
   single insertion kappa=5: inserted True; max diff at forced starts 3.17e-11, 33/33 predicted-dependent starts differ (max 0.105); profile differs at [6, 7, 8, 9, 10, 11, 12, 13, 14, 15, 16, 17, 18, 19, 20, 21, 22, 23, 24, 25, 26, 27, 28, 29, 30, 31, 32, 33, 34]
   single insertion kappa=25: inserted True; max diff at forced starts 6.48e-11, 53/53 predicted-dependent starts differ (max 0.122); profile differs at [26, 27, 28, 29, 30, 31, 32, 33, 34, 35, 36, 37, 38, 39, 40, 41, 42, 43, 44, 45, 46, 47, 48, 49, 50, 51, 52, 53, 54]
   conveyor vs bounded over 32 tours: head diff after 1/2/4/8/.../32 tours -0.0561 -0.0876 -0.0510 +0.0387 +0.0455 +0.0455; masses T=2: bounded -0.1153 (R 0.164) conveyor +0.0007 (R 0.193); T=8: bounded +0.0355 (R 0.028) conveyor +0.0081 (R 0.040); T=32: bounded +0.0492 (R 0.035) conveyor -0.0068 (R 0.025) [8s]
(80,30) seed 2: bounded forward max|dprofile| 2.55e-12 blocks vol 3.13e-11 min 2.55e-12 flags equal 79/79; bounded reverse max|dprofile| 0.238 (80 positions) flags equal 0/79; conveyor vs bounded forward: max|dprofile| 0.170, head diff -0.0772, flags equal 0/79 [4s]
   single insertion kappa=5: inserted True; max diff at forced starts 1.16e-11, 33/33 predicted-dependent starts differ (max 0.129); profile differs at [6, 7, 8, 9, 10, 11, 12, 13, 14, 15, 16, 17, 18, 19, 20, 21, 22, 23, 24, 25, 26, 27, 28, 29, 30, 31, 32, 33, 34]
   single insertion kappa=25: inserted True; max diff at forced starts 1.49e-11, 53/53 predicted-dependent starts differ (max 0.183); profile differs at [26, 27, 28, 29, 30, 31, 32, 33, 34, 35, 36, 37, 38, 39, 40, 41, 42, 43, 44, 45, 46, 47, 48, 49, 50, 51, 52, 53, 54]
   conveyor vs bounded over 32 tours: head diff after 1/2/4/8/.../32 tours -0.0772 +0.0001 -0.0298 -0.0939 -0.0377 +0.0517; masses T=2: bounded -0.1034 (R 0.168) conveyor -0.0215 (R 0.250); T=8: bounded -0.0117 (R 0.110) conveyor +0.0231 (R 0.051); T=32: bounded +0.0990 (R 0.063) conveyor +0.0219 (R 0.037) [8s]
(80,30) seed 3: bounded forward max|dprofile| 3.97e-12 blocks vol 1.90e-11 min 3.97e-12 flags equal 79/79; bounded reverse max|dprofile| 0.342 (80 positions) flags equal 0/79; conveyor vs bounded forward: max|dprofile| 0.137, head diff +0.0000, flags equal 4/79 [4s]
   single insertion kappa=5: inserted True; max diff at forced starts 6.96e-12, 33/33 predicted-dependent starts differ (max 0.105); profile differs at [6, 7, 8, 9, 10, 11, 12, 13, 14, 15, 16, 17, 18, 19, 20, 21, 22, 23, 24, 25, 26, 27, 28, 29, 30, 31, 32, 33, 34]
   single insertion kappa=25: inserted True; max diff at forced starts 8.43e-12, 53/53 predicted-dependent starts differ (max 0.154); profile differs at [26, 27, 28, 29, 30, 31, 32, 33, 34, 35, 36, 37, 38, 39, 40, 41, 42, 43, 44, 45, 46, 47, 48, 49, 50, 51, 52, 53, 54]
   conveyor vs bounded over 32 tours: head diff after 1/2/4/8/.../32 tours +0.0000 +0.0241 -0.2235 -0.1526 -0.0587 -0.0054; masses T=2: bounded -0.0236 (R 0.227) conveyor -0.1207 (R 0.154); T=8: bounded -0.0318 (R 0.057) conveyor +0.1217 (R 0.058); T=32: bounded +0.1050 (R 0.047) conveyor +0.1075 (R 0.044) [8s]
