strict (75,30) seed 31 tours 2: mass -0.0479 (pos 0.0352) R 0.2186 tight 0.45 head-floor +0.2665 stable_at None [0s]
strict (75,30) seed 31 tours 8: mass +0.0418 (pos 0.0910) R 0.0364 tight 0.54 head-floor -0.0054 stable_at None [1s]
strict (75,30) seed 31 tours 29: mass +0.0056 (pos 0.0583) R 0.0001 tight 0.91 head-floor -0.0054 stable_at 29 [2s]
strict (75,30) seed 32 tours 2: mass -0.1069 (pos 0.0142) R 0.1535 tight 0.43 head-floor +0.2604 stable_at None [0s]
strict (75,30) seed 32 tours 8: mass -0.0010 (pos 0.0396) R 0.0699 tight 0.57 head-floor +0.0710 stable_at None [1s]
strict (75,30) seed 32 tours 32: mass +0.0814 (pos 0.1105) R 0.0703 tight 0.62 head-floor -0.0111 stable_at None [2s]
strict (75,30) seed 33 tours 2: mass -0.0733 (pos 0.0088) R 0.1515 tight 0.43 head-floor +0.2249 stable_at None [0s]
strict (75,30) seed 33 tours 8: mass +0.0207 (pos 0.0631) R 0.1156 tight 0.51 head-floor +0.0949 stable_at None [1s]
strict (75,30) seed 33 tours 32: mass +0.0106 (pos 0.0532) R 0.0420 tight 0.59 head-floor +0.0314 stable_at None [2s]
strict (100,40) seed 31 tours 2: mass +0.0477 (pos 0.0716) R 0.2534 tight 0.36 head-floor +0.2057 stable_at None [37s]
strict (100,40) seed 31 tours 8: mass +0.0263 (pos 0.0532) R 0.0336 tight 0.56 head-floor +0.0073 stable_at None [74s]
strict (100,40) seed 31 tours 32: mass +0.0551 (pos 0.0796) R 0.0334 tight 0.62 head-floor -0.0217 stable_at None [182s]
strict (100,40) seed 32 tours 2: mass -0.0627 (pos 0.0103) R 0.1433 tight 0.40 head-floor +0.2060 stable_at None [33s]
strict (100,40) seed 32 tours 8: mass +0.0204 (pos 0.0540) R 0.0228 tight 0.63 head-floor +0.0024 stable_at None [77s]
strict (100,40) seed 32 tours 32: mass +0.1040 (pos 0.1261) R 0.0543 tight 0.53 head-floor -0.0497 stable_at None [184s]
strict (100,40) seed 33 tours 2: mass -0.0364 (pos 0.0140) R 0.1775 tight 0.42 head-floor +0.2139 stable_at None [34s]
strict (100,40) seed 33 tours 8: mass +0.0857 (pos 0.1125) R 0.0631 tight 0.56 head-floor -0.0226 stable_at None [73s]
strict (100,40) seed 33 tours 32: mass +0.0876 (pos 0.1168) R 0.0166 tight 0.72 head-floor -0.0709 stable_at None [178s]
CENSUS_DONE
strict (150,30) seed 31 tours 2: mass -0.0946 (pos 0.0293) R 0.8575 tight 0.21 head-floor +0.9522 stable_at None [2s]
strict (150,30) seed 31 tours 8: mass -0.1561 (pos 0.0077) R 0.2535 tight 0.30 head-floor +0.4096 stable_at None [7s]
strict (150,30) seed 31 tours 32: mass -0.0206 (pos 0.0641) R 0.1162 tight 0.44 head-floor +0.1367 stable_at None [20s]
strict (150,30) seed 32 tours 2: mass -0.1011 (pos 0.0146) R 0.7872 tight 0.22 head-floor +0.8882 stable_at None [2s]
strict (150,30) seed 32 tours 8: mass -0.0931 (pos 0.0153) R 0.3229 tight 0.29 head-floor +0.4160 stable_at None [7s]
strict (150,30) seed 32 tours 32: mass +0.1075 (pos 0.1539) R 0.2068 tight 0.36 head-floor +0.0993 stable_at None [18s]
strict (150,30) seed 33 tours 2: mass -0.0198 (pos 0.0560) R 0.8887 tight 0.19 head-floor +0.9085 stable_at None [2s]
strict (150,30) seed 33 tours 8: mass -0.0975 (pos 0.0417) R 0.2982 tight 0.29 head-floor +0.3956 stable_at None [5s]
strict (150,30) seed 33 tours 32: mass +0.0178 (pos 0.1067) R 0.1007 tight 0.50 head-floor +0.0829 stable_at None [15s]
Traceback (most recent call last):
  File "<frozen runpy>", line 198, in _run_module_as_main
  File "<frozen runpy>", line 88, in _run_code
  File "/home/user/latticelab/dual_census.py", line 309, in <module>
    main()
  File "/home/user/latticelab/dual_census.py", line 283, in main
    c = strict_tours_census(d, beta, a.q, seed, a.checkpoints)
        ^^^^^^^^^^^^^^^^^^^^^^^^^^^^^^^^^^^^^^^^^^^^^^^^^^^^^^
  File "/home/user/latticelab/dual_census.py", line 140, in strict_tours_census
    clean = bkz.tour(par)
            ^^^^^^^^^^^^^
  File "/home/user/.local/lib/python3.12/site-packages/fpylll/algorithms/bkz.py", line 162, in tour
    clean &= self.svp_reduction(kappa, block_size, params, tracer)
             ^^^^^^^^^^^^^^^^^^^^^^^^^^^^^^^^^^^^^^^^^^^^^^^^^^^^^
  File "/home/user/.local/lib/python3.12/site-packages/fpylll/algorithms/bkz.py", line 332, in svp_reduction
    clean_pre = self.svp_preprocessing(kappa, block_size, params, tracer)
                ^^^^^^^^^^^^^^^^^^^^^^^^^^^^^^^^^^^^^^^^^^^^^^^^^^^^^^^^^
  File "/home/user/.local/lib/python3.12/site-packages/fpylll/algorithms/bkz.py", line 186, in svp_preprocessing
    self.lll_obj(lll_start, lll_start, kappa + block_size)
  File "src/fpylll/fplll/lll.pyx", line 305, in fpylll.fplll.lll.LLLReduction.__call__
fpylll.util.ReductionError: b'infinite loop in babai'
Traceback (most recent call last):
  File "<frozen runpy>", line 198, in _run_module_as_main
  File "<frozen runpy>", line 88, in _run_code
  File "/home/user/latticelab/dual_census.py", line 311, in <module>
    main()
  File "/home/user/latticelab/dual_census.py", line 285, in main
    c = strict_tours_census(d, beta, a.q, seed, a.checkpoints, a.float_type)
        ^^^^^^^^^^^^^^^^^^^^^^^^^^^^^^^^^^^^^^^^^^^^^^^^^^^^^^^^^^^^^^^^^^^^
  File "/home/user/latticelab/dual_census.py", line 145, in strict_tours_census
    w = weighted_subgh_mass(B, beta)
        ^^^^^^^^^^^^^^^^^^^^^^^^^^^^
  File "/home/user/latticelab/insertion.py", line 33, in weighted_subgh_mass
    st = block_gh_ratios(A, beta)
         ^^^^^^^^^^^^^^^^^^^^^^^^
  File "/home/user/latticelab/profile.py", line 75, in block_gh_ratios
    log_vol = 0.5 * sum(math.log(r[j]) for j in range(i, i + bi))
                    ^^^^^^^^^^^^^^^^^^^^^^^^^^^^^^^^^^^^^^^^^^^^^
  File "/home/user/latticelab/profile.py", line 75, in <genexpr>
    log_vol = 0.5 * sum(math.log(r[j]) for j in range(i, i + bi))
                        ^^^^^^^^^^^^^^
ValueError: math domain error
strict (225,30) seed 31 tours 2: mass -0.0926 (pos 0.0838) R 1.5283 tight 0.10 head-floor +1.6209 stable_at None [9s]
strict (225,30) seed 31 tours 8: mass -0.1854 (pos 0.0378) R 0.9096 tight 0.17 head-floor +1.0949 stable_at None [29s]
strict (225,30) seed 31 tours 32: mass -0.0331 (pos 0.0778) R 0.3155 tight 0.33 head-floor +0.3486 stable_at None [89s]
strict (225,30) seed 32 tours 2: mass -0.1110 (pos 0.0701) R 1.3981 tight 0.14 head-floor +1.5092 stable_at None [9s]
strict (225,30) seed 32 tours 8: mass -0.1894 (pos 0.0467) R 0.8561 tight 0.16 head-floor +1.0456 stable_at None [29s]
strict (225,30) seed 32 tours 32: mass -0.0441 (pos 0.1041) R 0.2604 tight 0.33 head-floor +0.3045 stable_at None [87s]
strict (225,30) seed 33 tours 2: mass -0.1763 (pos 0.0402) R 1.5390 tight 0.15 head-floor +1.7153 stable_at None [10s]
strict (225,30) seed 33 tours 8: mass -0.0821 (pos 0.0613) R 0.9398 tight 0.16 head-floor +1.0219 stable_at None [30s]
strict (225,30) seed 33 tours 32: mass -0.0568 (pos 0.0640) R 0.3088 tight 0.27 head-floor +0.3657 stable_at None [88s]
CENSUS_DONE
strict (75,30) seed 32: resuming from the archived basis after 32 tours
strict (75,30) seed 32 tours 64: mass +0.0219 (pos 0.0707) R 0.0051 tight 0.80 head-floor -0.0167 stable_at None [2s]
strict (75,30) seed 32 tours 128: mass +0.0807 (pos 0.1234) R 0.0018 tight 0.89 head-floor -0.0788 stable_at None [5s]
strict (75,30) seed 32 tours 131: mass +0.0789 (pos 0.1215) R 0.0001 tight 0.95 head-floor -0.0788 stable_at 131 [5s]
strict (75,30) seed 32 tours 131: mass +0.0789 (pos 0.1215) R 0.0001 tight 0.95 head-floor -0.0788 stable_at 131 [5s]
strict (75,30) seed 33: resuming from the archived basis after 32 tours
strict (75,30) seed 33 tours 64: mass +0.0924 (pos 0.1393) R 0.0173 tight 0.72 head-floor -0.0751 stable_at None [2s]
strict (75,30) seed 33 tours 128: mass +0.0998 (pos 0.1402) R 0.0247 tight 0.58 head-floor -0.0751 stable_at None [5s]
strict (75,30) seed 33 tours 223: mass +0.0751 (pos 0.1239) R 0.0000 tight 0.97 head-floor -0.0751 stable_at 223 [8s]
strict (75,30) seed 33 tours 223: mass +0.0751 (pos 0.1239) R 0.0000 tight 0.97 head-floor -0.0751 stable_at 223 [8s]
strict (150,30) seed 31: resuming from the archived basis after 32 tours
strict (150,30) seed 31 tours 64: mass -0.0172 (pos 0.0629) R 0.0783 tight 0.52 head-floor +0.0955 stable_at None [20s]
strict (150,30) seed 31 tours 128: mass +0.0239 (pos 0.1064) R 0.0786 tight 0.54 head-floor +0.0547 stable_at None [65s]
strict (150,30) seed 31 tours 256: mass +0.0448 (pos 0.1232) R 0.0828 tight 0.56 head-floor +0.0380 stable_at None [171s]
strict (150,30) seed 31 tours 512: mass +0.0741 (pos 0.1407) R 0.0991 tight 0.52 head-floor +0.0250 stable_at None [378s]
strict (150,30) seed 32: resuming from the archived basis after 32 tours
strict (150,30) seed 32 tours 64: mass +0.0499 (pos 0.1076) R 0.1422 tight 0.40 head-floor +0.0923 stable_at None [28s]
strict (150,30) seed 32 tours 128: mass +0.0651 (pos 0.1265) R 0.1246 tight 0.49 head-floor +0.0595 stable_at None [86s]
strict (150,30) seed 32 tours 256: mass +0.0644 (pos 0.1316) R 0.0678 tight 0.64 head-floor +0.0034 stable_at None [194s]
strict (150,30) seed 32 tours 512: mass +0.1157 (pos 0.1610) R 0.1191 tight 0.50 head-floor +0.0034 stable_at None [393s]
strict (150,30) seed 33: resuming from the archived basis after 32 tours
strict (150,30) seed 33 tours 64: mass +0.0596 (pos 0.1397) R 0.1425 tight 0.47 head-floor +0.0829 stable_at None [27s]
strict (150,30) seed 33 tours 128: mass +0.0378 (pos 0.0854) R 0.1207 tight 0.42 head-floor +0.0829 stable_at None [79s]
strict (150,30) seed 33 tours 256: mass +0.0837 (pos 0.1443) R 0.1039 tight 0.42 head-floor +0.0202 stable_at None [182s]
strict (150,30) seed 33 tours 512: mass +0.0373 (pos 0.1243) R 0.0575 tight 0.58 head-floor +0.0202 stable_at None [384s]
strict (225,30) seed 31: resuming from the archived basis after 32 tours
strict (225,30) seed 31 tours 64: mass +0.0530 (pos 0.1635) R 0.2291 tight 0.40 head-floor +0.1761 stable_at None [94s]
strict (225,30) seed 31 tours 128: mass +0.0528 (pos 0.1360) R 0.2289 tight 0.37 head-floor +0.1761 stable_at None [273s]
strict (225,30) seed 31 tours 256: mass +0.1294 (pos 0.2293) R 0.2103 tight 0.38 head-floor +0.0809 stable_at None [585s]
strict (225,30) seed 31 tours 512: mass +0.0750 (pos 0.1749) R 0.1559 tight 0.42 head-floor +0.0809 stable_at None [1066s]
strict (225,30) seed 32: resuming from the archived basis after 32 tours
strict (225,30) seed 32 tours 64: mass +0.0555 (pos 0.1463) R 0.2584 tight 0.36 head-floor +0.2028 stable_at None [63s]
strict (225,30) seed 32 tours 128: mass -0.0262 (pos 0.1052) R 0.1674 tight 0.42 head-floor +0.1936 stable_at None [185s]
strict (225,30) seed 32 tours 256: mass +0.0677 (pos 0.1803) R 0.1809 tight 0.46 head-floor +0.1132 stable_at None [449s]
strict (225,30) seed 32 tours 512: mass +0.0193 (pos 0.1453) R 0.1222 tight 0.48 head-floor +0.1029 stable_at None [956s]
strict (225,30) seed 33: resuming from the archived basis after 32 tours
strict (225,30) seed 33 tours 64: mass +0.0476 (pos 0.1520) R 0.2257 tight 0.36 head-floor +0.1781 stable_at None [65s]
strict (225,30) seed 33 tours 128: mass -0.0064 (pos 0.1063) R 0.1718 tight 0.43 head-floor +0.1781 stable_at None [191s]
strict (225,30) seed 33 tours 256: mass -0.0032 (pos 0.0949) R 0.1749 tight 0.40 head-floor +0.1781 stable_at None [434s]
strict (225,30) seed 33 tours 512: mass -0.0026 (pos 0.1293) R 0.1480 tight 0.45 head-floor +0.1507 stable_at None [1006s]
strict (100,40) seed 31: resuming from the archived basis after 32 tours
strict (100,40) seed 31 tours 64: mass +0.1302 (pos 0.1595) R 0.0200 tight 0.68 head-floor -0.1103 stable_at None [218s]
strict (100,40) seed 31 tours 128: mass +0.1295 (pos 0.1605) R 0.0192 tight 0.73 head-floor -0.1103 stable_at None [593s]
strict (100,40) seed 31 tours 256: mass +0.1292 (pos 0.1550) R 0.0190 tight 0.72 head-floor -0.1103 stable_at None [1366s]
strict (100,40) seed 31 tours 512: mass +0.1508 (pos 0.1765) R 0.0181 tight 0.77 head-floor -0.1327 stable_at None [2647s]
strict (100,40) seed 32: resuming from the archived basis after 32 tours
strict (100,40) seed 32 tours 64: mass +0.1151 (pos 0.1466) R 0.0317 tight 0.62 head-floor -0.0834 stable_at None [194s]
strict (100,40) seed 32 tours 128: mass +0.1714 (pos 0.1945) R 0.0329 tight 0.61 head-floor -0.1385 stable_at None [563s]
strict (100,40) seed 32 tours 256: mass +0.1620 (pos 0.1864) R 0.0235 tight 0.69 head-floor -0.1385 stable_at None [1248s]
strict (100,40) seed 32 tours 512: mass +0.1659 (pos 0.1891) R 0.0274 tight 0.60 head-floor -0.1385 stable_at None [2494s]
strict (100,40) seed 33: resuming from the archived basis after 32 tours
strict (100,40) seed 33 tours 64: mass +0.0994 (pos 0.1290) R 0.0285 tight 0.63 head-floor -0.0709 stable_at None [187s]
strict (100,40) seed 33 tours 128: mass +0.1340 (pos 0.1597) R 0.0563 tight 0.53 head-floor -0.0777 stable_at None [571s]
strict (100,40) seed 33 tours 256: mass +0.1043 (pos 0.1284) R 0.0265 tight 0.73 head-floor -0.0777 stable_at None [1204s]
strict (100,40) seed 33 tours 512: mass +0.1564 (pos 0.1771) R 0.0236 tight 0.67 head-floor -0.1328 stable_at None [2347s]
CENSUS_DONE
