(60,20) seed 31, 8 tours, 320 steps: mean gh_shift +0.0034 (GSA-tight +0.0119), res_ratio -0.1000 (sd 0.0288, max +0.013), gap 0.0083 (zero in 0.78); eps_next -0.0883, >0 in 0.00, forced by the cap in 0.00 (cap positive part 0.0000 of 0.0000); created -0.0165, violations created in 0.00; next-query consistent True (mismatch 1.9e-12) [0s]
   tour 1: gh_shift -0.0052 res_ratio -0.0907 gap 0.0275 eps_next -0.0685 >0 0.00 cap>0 0.00 changed 0.85
   tour 2: gh_shift +0.0006 res_ratio -0.1082 gap 0.0099 eps_next -0.0977 >0 0.00 cap>0 0.00 changed 0.95
   tour 3: gh_shift +0.0029 res_ratio -0.1074 gap 0.0130 eps_next -0.0915 >0 0.03 cap>0 0.03 changed 0.85
   tour 4: gh_shift +0.0046 res_ratio -0.1033 gap 0.0049 eps_next -0.0939 >0 0.00 cap>0 0.00 changed 0.95
   tour 5: gh_shift +0.0055 res_ratio -0.0980 gap 0.0015 eps_next -0.0910 >0 0.00 cap>0 0.00 changed 0.95
   tour 6: gh_shift +0.0062 res_ratio -0.1054 gap 0.0042 eps_next -0.0950 >0 0.00 cap>0 0.00 changed 0.85
   tour 7: gh_shift +0.0059 res_ratio -0.0998 gap 0.0056 eps_next -0.0883 >0 0.00 cap>0 0.00 changed 0.82
   tour 8: gh_shift +0.0066 res_ratio -0.0873 gap 0.0003 eps_next -0.0805 >0 0.00 cap>0 0.00 changed 0.75
(60,20) seed 32, 8 tours, 320 steps: mean gh_shift +0.0035 (GSA-tight +0.0119), res_ratio -0.0963 (sd 0.0336, max +0.044), gap 0.0096 (zero in 0.76); eps_next -0.0831, >0 in 0.03, forced by the cap in 0.02 (cap positive part 0.0003 of 0.0005); created -0.0131, violations created in 0.01; next-query consistent True (mismatch 5.4e-13) [0s]
   tour 1: gh_shift -0.0037 res_ratio -0.0891 gap 0.0139 eps_next -0.0789 >0 0.03 cap>0 0.00 changed 0.88
   tour 2: gh_shift -0.0001 res_ratio -0.0926 gap 0.0191 eps_next -0.0737 >0 0.03 cap>0 0.03 changed 0.90
   tour 3: gh_shift +0.0030 res_ratio -0.1090 gap 0.0208 eps_next -0.0852 >0 0.03 cap>0 0.00 changed 0.93
   tour 4: gh_shift +0.0046 res_ratio -0.0936 gap 0.0043 eps_next -0.0848 >0 0.07 cap>0 0.05 changed 0.82
   tour 5: gh_shift +0.0059 res_ratio -0.1064 gap 0.0025 eps_next -0.0981 >0 0.03 cap>0 0.03 changed 0.78
   tour 6: gh_shift +0.0060 res_ratio -0.0942 gap 0.0036 eps_next -0.0847 >0 0.03 cap>0 0.03 changed 0.65
   tour 7: gh_shift +0.0058 res_ratio -0.0855 gap 0.0078 eps_next -0.0718 >0 0.05 cap>0 0.03 changed 0.78
   tour 8: gh_shift +0.0070 res_ratio -0.0998 gap 0.0049 eps_next -0.0879 >0 0.00 cap>0 0.00 changed 0.68
(60,20) seed 33, 8 tours, 320 steps: mean gh_shift +0.0041 (GSA-tight +0.0119), res_ratio -0.0951 (sd 0.0309, max +0.003), gap 0.0115 (zero in 0.73); eps_next -0.0796, >0 in 0.02, forced by the cap in 0.01 (cap positive part 0.0000 of 0.0007); created -0.0138, violations created in 0.01; next-query consistent True (mismatch 1.3e-12) [0s]
   tour 1: gh_shift -0.0042 res_ratio -0.0925 gap 0.0288 eps_next -0.0679 >0 0.05 cap>0 0.00 changed 0.88
   tour 2: gh_shift +0.0010 res_ratio -0.1001 gap 0.0171 eps_next -0.0820 >0 0.03 cap>0 0.00 changed 0.80
   tour 3: gh_shift +0.0036 res_ratio -0.0931 gap 0.0092 eps_next -0.0804 >0 0.00 cap>0 0.00 changed 0.80
   tour 4: gh_shift +0.0054 res_ratio -0.0884 gap 0.0011 eps_next -0.0819 >0 0.03 cap>0 0.03 changed 0.78
   tour 5: gh_shift +0.0058 res_ratio -0.0959 gap 0.0117 eps_next -0.0783 >0 0.03 cap>0 0.00 changed 0.90
   tour 6: gh_shift +0.0067 res_ratio -0.0923 gap 0.0056 eps_next -0.0800 >0 0.00 cap>0 0.00 changed 0.68
   tour 7: gh_shift +0.0068 res_ratio -0.0907 gap 0.0079 eps_next -0.0760 >0 0.00 cap>0 0.00 changed 0.85
   tour 8: gh_shift +0.0075 res_ratio -0.1081 gap 0.0105 eps_next -0.0900 >0 0.03 cap>0 0.03 changed 0.72
random beta=20, n=500: eps(P) mean -0.0088 (sd 0.0620); res_ratio mean -0.0494 (sd 0.0437, se 0.0020), positive in 0.14 [1s]
(75,30) seed 31, 8 tours, 360 steps: mean gh_shift -0.0018 (GSA-tight +0.0026), res_ratio -0.0475 (sd 0.0270, max +0.045), gap 0.0090 (zero in 0.73); eps_next -0.0402, >0 in 0.09, forced by the cap in 0.05 (cap positive part 0.0007 of 0.0017); created -0.0085, violations created in 0.07; next-query consistent True (mismatch 1.2e-12) [3s]
   tour 1: gh_shift -0.0105 res_ratio -0.0402 gap 0.0179 eps_next -0.0328 >0 0.16 cap>0 0.04 changed 0.96
   tour 2: gh_shift -0.0048 res_ratio -0.0515 gap 0.0167 eps_next -0.0396 >0 0.13 cap>0 0.04 changed 0.98
   tour 3: gh_shift -0.0015 res_ratio -0.0567 gap 0.0103 eps_next -0.0479 >0 0.02 cap>0 0.00 changed 0.98
   tour 4: gh_shift -0.0002 res_ratio -0.0478 gap 0.0049 eps_next -0.0431 >0 0.11 cap>0 0.09 changed 0.96
   tour 5: gh_shift +0.0003 res_ratio -0.0472 gap 0.0067 eps_next -0.0403 >0 0.09 cap>0 0.09 changed 0.91
   tour 6: gh_shift +0.0007 res_ratio -0.0438 gap 0.0054 eps_next -0.0377 >0 0.09 cap>0 0.04 changed 0.91
   tour 7: gh_shift +0.0010 res_ratio -0.0505 gap 0.0067 eps_next -0.0428 >0 0.07 cap>0 0.04 changed 0.87
   tour 8: gh_shift +0.0008 res_ratio -0.0421 gap 0.0035 eps_next -0.0378 >0 0.09 cap>0 0.07 changed 0.96
(75,30) seed 32, 8 tours, 360 steps: mean gh_shift -0.0016 (GSA-tight +0.0026), res_ratio -0.0484 (sd 0.0277, max +0.057), gap 0.0105 (zero in 0.72); eps_next -0.0395, >0 in 0.10, forced by the cap in 0.05 (cap positive part 0.0008 of 0.0021); created -0.0136, violations created in 0.04; next-query consistent True (mismatch 4.3e-12) [3s]
   tour 1: gh_shift -0.0097 res_ratio -0.0462 gap 0.0267 eps_next -0.0292 >0 0.18 cap>0 0.04 changed 0.98
   tour 2: gh_shift -0.0046 res_ratio -0.0476 gap 0.0194 eps_next -0.0328 >0 0.20 cap>0 0.04 changed 0.93
   tour 3: gh_shift -0.0011 res_ratio -0.0535 gap 0.0097 eps_next -0.0449 >0 0.02 cap>0 0.02 changed 1.00
   tour 4: gh_shift -0.0003 res_ratio -0.0488 gap 0.0054 eps_next -0.0438 >0 0.02 cap>0 0.02 changed 0.98
   tour 5: gh_shift +0.0007 res_ratio -0.0549 gap 0.0041 eps_next -0.0502 >0 0.02 cap>0 0.02 changed 0.96
   tour 6: gh_shift +0.0002 res_ratio -0.0443 gap 0.0109 eps_next -0.0331 >0 0.13 cap>0 0.09 changed 0.96
   tour 7: gh_shift +0.0011 res_ratio -0.0527 gap 0.0055 eps_next -0.0461 >0 0.09 cap>0 0.04 changed 0.87
   tour 8: gh_shift +0.0006 res_ratio -0.0394 gap 0.0026 eps_next -0.0363 >0 0.13 cap>0 0.11 changed 0.91
(75,30) seed 33, 8 tours, 360 steps: mean gh_shift -0.0016 (GSA-tight +0.0026), res_ratio -0.0481 (sd 0.0259, max +0.047), gap 0.0099 (zero in 0.74); eps_next -0.0398, >0 in 0.08, forced by the cap in 0.04 (cap positive part 0.0007 of 0.0018); created -0.0103, violations created in 0.04; next-query consistent True (mismatch 6.4e-12) [3s]
   tour 1: gh_shift -0.0097 res_ratio -0.0500 gap 0.0200 eps_next -0.0397 >0 0.11 cap>0 0.02 changed 0.98
   tour 2: gh_shift -0.0048 res_ratio -0.0549 gap 0.0260 eps_next -0.0337 >0 0.16 cap>0 0.02 changed 1.00
   tour 3: gh_shift -0.0014 res_ratio -0.0458 gap 0.0074 eps_next -0.0398 >0 0.04 cap>0 0.04 changed 0.98
   tour 4: gh_shift -0.0002 res_ratio -0.0518 gap 0.0148 eps_next -0.0372 >0 0.09 cap>0 0.02 changed 0.96
   tour 5: gh_shift +0.0006 res_ratio -0.0522 gap 0.0071 eps_next -0.0445 >0 0.02 cap>0 0.00 changed 0.93
   tour 6: gh_shift +0.0008 res_ratio -0.0448 gap 0.0011 eps_next -0.0429 >0 0.04 cap>0 0.04 changed 0.87
   tour 7: gh_shift +0.0008 res_ratio -0.0434 gap 0.0004 eps_next -0.0422 >0 0.07 cap>0 0.07 changed 0.80
   tour 8: gh_shift +0.0008 res_ratio -0.0416 gap 0.0023 eps_next -0.0385 >0 0.09 cap>0 0.09 changed 0.82
random beta=30, n=300: eps(P) mean -0.0031 (sd 0.0448); res_ratio mean -0.0278 (sd 0.0334, se 0.0019), positive in 0.16 [3s]
RESIDUAL_DONE
(100,40) seed 31, 8 tours, 480 steps: mean gh_shift -0.0048 (GSA-tight -0.0010), res_ratio -0.0300 (sd 0.0241, max +0.101), gap 0.0123 (zero in 0.59); eps_next -0.0225, >0 in 0.15, forced by the cap in 0.07 (cap positive part 0.0016 of 0.0038); created -0.0103, violations created in 0.08; next-query consistent True (mismatch 9.6e-10) [516s]
   tour 1: gh_shift -0.0136 res_ratio -0.0277 gap 0.0279 eps_next -0.0134 >0 0.23 cap>0 0.02 changed 1.00
   tour 2: gh_shift -0.0079 res_ratio -0.0324 gap 0.0160 eps_next -0.0244 >0 0.12 cap>0 0.05 changed 0.98
   tour 3: gh_shift -0.0047 res_ratio -0.0285 gap 0.0096 eps_next -0.0236 >0 0.10 cap>0 0.07 changed 1.00
   tour 4: gh_shift -0.0030 res_ratio -0.0307 gap 0.0097 eps_next -0.0241 >0 0.15 cap>0 0.07 changed 0.97
   tour 5: gh_shift -0.0023 res_ratio -0.0368 gap 0.0094 eps_next -0.0297 >0 0.08 cap>0 0.03 changed 0.98
   tour 6: gh_shift -0.0021 res_ratio -0.0309 gap 0.0044 eps_next -0.0287 >0 0.12 cap>0 0.12 changed 0.97
   tour 7: gh_shift -0.0022 res_ratio -0.0277 gap 0.0100 eps_next -0.0199 >0 0.17 cap>0 0.05 changed 0.92
   tour 8: gh_shift -0.0021 res_ratio -0.0256 gap 0.0112 eps_next -0.0165 >0 0.27 cap>0 0.17 changed 0.95
(100,40) seed 32, 8 tours, 480 steps: mean gh_shift -0.0048 (GSA-tight -0.0010), res_ratio -0.0318 (sd 0.0218, max +0.055), gap 0.0109 (zero in 0.63); eps_next -0.0257, >0 in 0.13, forced by the cap in 0.06 (cap positive part 0.0009 of 0.0025); created -0.0106, violations created in 0.07; next-query consistent True (mismatch 1.4e-09) [502s]
   tour 1: gh_shift -0.0134 res_ratio -0.0306 gap 0.0253 eps_next -0.0188 >0 0.22 cap>0 0.08 changed 1.00
   tour 2: gh_shift -0.0080 res_ratio -0.0320 gap 0.0207 eps_next -0.0194 >0 0.18 cap>0 0.05 changed 1.00
   tour 3: gh_shift -0.0046 res_ratio -0.0334 gap 0.0086 eps_next -0.0294 >0 0.10 cap>0 0.07 changed 1.00
   tour 4: gh_shift -0.0032 res_ratio -0.0348 gap 0.0112 eps_next -0.0268 >0 0.12 cap>0 0.03 changed 0.98
   tour 5: gh_shift -0.0023 res_ratio -0.0353 gap 0.0052 eps_next -0.0325 >0 0.07 cap>0 0.03 changed 0.98
   tour 6: gh_shift -0.0024 res_ratio -0.0264 gap 0.0043 eps_next -0.0245 >0 0.15 cap>0 0.08 changed 0.97
   tour 7: gh_shift -0.0022 res_ratio -0.0272 gap 0.0057 eps_next -0.0237 >0 0.13 cap>0 0.10 changed 0.95
   tour 8: gh_shift -0.0019 res_ratio -0.0347 gap 0.0064 eps_next -0.0302 >0 0.10 cap>0 0.07 changed 1.00
(100,40) seed 33, 8 tours, 480 steps: mean gh_shift -0.0045 (GSA-tight -0.0010), res_ratio -0.0331 (sd 0.0218, max +0.103), gap 0.0119 (zero in 0.58); eps_next -0.0258, >0 in 0.13, forced by the cap in 0.05 (cap positive part 0.0010 of 0.0031); created -0.0085, violations created in 0.08; next-query consistent True (mismatch 6.3e-10) [512s]
   tour 1: gh_shift -0.0126 res_ratio -0.0314 gap 0.0204 eps_next -0.0236 >0 0.17 cap>0 0.03 changed 1.00
   tour 2: gh_shift -0.0077 res_ratio -0.0336 gap 0.0146 eps_next -0.0267 >0 0.10 cap>0 0.02 changed 1.00
   tour 3: gh_shift -0.0046 res_ratio -0.0297 gap 0.0115 eps_next -0.0227 >0 0.15 cap>0 0.07 changed 1.00
   tour 4: gh_shift -0.0030 res_ratio -0.0347 gap 0.0130 eps_next -0.0246 >0 0.18 cap>0 0.03 changed 1.00
   tour 5: gh_shift -0.0024 res_ratio -0.0328 gap 0.0113 eps_next -0.0239 >0 0.17 cap>0 0.12 changed 0.97
   tour 6: gh_shift -0.0020 res_ratio -0.0354 gap 0.0095 eps_next -0.0280 >0 0.10 cap>0 0.05 changed 0.97
   tour 7: gh_shift -0.0020 res_ratio -0.0335 gap 0.0060 eps_next -0.0295 >0 0.08 cap>0 0.05 changed 1.00
   tour 8: gh_shift -0.0020 res_ratio -0.0340 gap 0.0087 eps_next -0.0273 >0 0.12 cap>0 0.03 changed 0.93
RESIDUAL_DONE
random beta=40, n=400: eps(P) mean -0.0039 (sd 0.0338); res_ratio mean -0.0185 (sd 0.0250, se 0.0012), positive in 0.21 [283s]
