--- start 2026-09-01 01:50:48 UTC
two-sided d=1003 beta=410: fails rhf=1.0040108751462 shift=+0.03442 (27s)
two-sided d=1003 beta=411: fails rhf=1.0040045996320 shift=+0.03440 (26s)
two-sided d=1003 beta=412: fails rhf=1.0039983490594 shift=+0.03438 (24s)
two-sided d=1003 beta=413: fails rhf=1.0039921242806 shift=+0.03436 (23s)
two-sided d=1003 beta=414: fails rhf=1.0039859245924 shift=+0.03434 (24s)
two-sided d=1003 beta=415: fails rhf=1.0039797499505 shift=+0.03431 (23s)
two-sided d=1003 beta=416: fails rhf=1.0039736005501 shift=+0.03429 (30s)
two-sided d=1003 beta=417: fails rhf=1.0039674754563 shift=+0.03426 (20s)
two-sided d=1003 beta=418: PASSES rhf=1.0039613757564 shift=+0.03424 (23s)
two-sided d=1003: beta_floor=418 (primal crossings 413 / 645)
two-sided d=1424 beta=640: fails rhf=1.0029400731726 shift=+0.03945 (87s)
two-sided d=1424 beta=641: fails rhf=1.0029370283226 shift=+0.03949 (60s)
two-sided d=1424 beta=642: fails rhf=1.0029339914677 shift=+0.03954 (78s)
two-sided d=1424 beta=643: fails rhf=1.0029309633932 shift=+0.03959 (74s)
two-sided d=1424 beta=644: fails rhf=1.0029279431673 shift=+0.03965 (80s)
two-sided d=1424 beta=645: fails rhf=1.0029249316624 shift=+0.03971 (71s)
two-sided d=1424 beta=646: fails rhf=1.0029219280157 shift=+0.03977 (84s)
two-sided d=1424 beta=647: fails rhf=1.0029189328691 shift=+0.03983 (75s)
two-sided d=1424 beta=648: fails rhf=1.0029159456718 shift=+0.03990 (86s)
two-sided d=1424 beta=649: fails rhf=1.0029129667553 shift=+0.03998 (83s)
two-sided d=1424 beta=650: fails rhf=1.0029099958789 shift=+0.04006 (76s)
two-sided d=1424 beta=651: fails rhf=1.0029070330653 shift=+0.04014 (85s)
two-sided d=1424 beta=652: fails rhf=1.0029040783828 shift=+0.04023 (78s)
two-sided d=1424 beta=653: fails rhf=1.0029011315465 shift=+0.04032 (75s)
two-sided d=1424 beta=654: PASSES rhf=1.0028981929322 shift=+0.04042 (76s)
two-sided d=1424: beta_floor=654 (primal crossings 413 / 645)
TWO_SIDED_DONE
--- two-sided d=1885 start 2026-09-01 02:16:50 UTC, range [905, 940]
two-sided d=1885 beta=905: fails rhf=1.0022874393080 shift=+0.05058 (180s)
two-sided d=1885 beta=906: fails rhf=1.0022857362840 shift=+0.05082 (199s)
two-sided d=1885 beta=907: fails rhf=1.0022840365792 shift=+0.05107 (201s)
two-sided d=1885 beta=908: fails rhf=1.0022823404119 shift=+0.05132 (207s)
two-sided d=1885 beta=909: fails rhf=1.0022806474785 shift=+0.05159 (184s)
two-sided d=1885 beta=910: fails rhf=1.0022789581287 shift=+0.05185 (197s)
two-sided d=1885 beta=911: fails rhf=1.0022772719510 shift=+0.05213 (193s)
two-sided d=1885 beta=912: fails rhf=1.0022755893571 shift=+0.05240 (194s)
two-sided d=1885 beta=913: fails rhf=1.0022739099394 shift=+0.05269 (176s)
two-sided d=1885 beta=914: fails rhf=1.0022722340203 shift=+0.05298 (197s)
two-sided d=1885 beta=915: fails rhf=1.0022705613242 shift=+0.05328 (191s)
two-sided d=1885 beta=916: fails rhf=1.0022688920420 shift=+0.05358 (198s)
two-sided d=1885 beta=917: fails rhf=1.0022672260296 shift=+0.05389 (184s)
two-sided d=1885 beta=918: fails rhf=1.0022655633466 shift=+0.05421 (201s)
two-sided d=1885 beta=919: fails rhf=1.0022639039801 shift=+0.05454 (202s)
two-sided d=1885 beta=920: fails rhf=1.0022622478591 shift=+0.05487 (202s)
two-sided d=1885 beta=921: fails rhf=1.0022605951012 shift=+0.05521 (179s)
two-sided d=1885 beta=922: fails rhf=1.0022589455051 shift=+0.05555 (201s)
two-sided d=1885 beta=923: fails rhf=1.0022572993186 shift=+0.05590 (210s)
two-sided d=1885 beta=924: PASSES rhf=1.0022556562106 shift=+0.05626 (195s)
two-sided d=1885: beta_floor=924 (primal boundary-rigorous crossing 908)
TWO_SIDED_1024_DONE
--- witness upgrade start 2026-09-01 03:33:08 UTC
two-sided d=1003 beta=418: witness rhf=1.0039613757564 lower=1.0039613757564 target=1.0039615423751 t=7.889e-31 head_shift=3.952e-28 viol_before=6.095e-42 enclosure_l1=0.000e+00 PASS_CERTIFIED=True (37s)
two-sided d=1424 beta=654: witness rhf=1.0028981929322 lower=1.0028981929322 target=1.0028984290510 t=7.889e-31 head_shift=5.613e-28 viol_before=1.059e-41 enclosure_l1=0.000e+00 PASS_CERTIFIED=True (116s)
two-sided d=1885 beta=924: witness rhf=1.0022556562106 lower=1.0022556562106 target=1.0022557724878 t=7.889e-31 head_shift=7.431e-28 viol_before=3.033e-40 enclosure_l1=0.000e+00 PASS_CERTIFIED=True (249s)
WITNESS_UPGRADE_DONE
