--- start 2026-09-01 01:16:03 UTC
ML-KEM d=1424 eps=0 beta=622: fails rhf_floor=1.0029687461841 (60s)
ML-KEM d=1424 eps=0 beta=623: fails rhf_floor=1.0029655480797 (58s)
ML-KEM d=1424 eps=0 beta=624: fails rhf_floor=1.0029623576035 (57s)
ML-KEM d=1424 eps=0 beta=625: fails rhf_floor=1.0029591746593 (48s)
ML-KEM d=1424 eps=0 beta=626: fails rhf_floor=1.0029559991507 (58s)
ML-KEM d=1424 eps=0 beta=627: fails rhf_floor=1.0029528309812 (56s)
ML-KEM d=1424 eps=0 beta=628: fails rhf_floor=1.0029496700543 (58s)
ML-KEM d=1424 eps=0 beta=629: fails rhf_floor=1.0029465162730 (53s)
ML-KEM d=1424 eps=0 beta=630: fails rhf_floor=1.0029433695405 (58s)
ML-KEM d=1424 eps=0 beta=631: fails rhf_floor=1.0029402297594 (56s)
ML-KEM d=1424 eps=0 beta=632: fails rhf_floor=1.0029370968326 (58s)
ML-KEM d=1424 eps=0 beta=633: fails rhf_floor=1.0029339706625 (51s)
ML-KEM d=1424 eps=0 beta=634: fails rhf_floor=1.0029308511513 (59s)
ML-KEM d=1424 eps=0 beta=635: fails rhf_floor=1.0029277382011 (56s)
ML-KEM d=1424 eps=0 beta=636: fails rhf_floor=1.0029246317138 (58s)
ML-KEM d=1424 eps=0 beta=637: fails rhf_floor=1.0029215315908 (56s)
ML-KEM d=1424 eps=0 beta=638: fails rhf_floor=1.0029184377336 (60s)
ML-KEM d=1424 eps=0 beta=639: fails rhf_floor=1.0029153500432 (56s)
ML-KEM d=1424 eps=0 beta=640: fails rhf_floor=1.0029122684204 (57s)
ML-KEM d=1424 eps=0 beta=641: fails rhf_floor=1.0029091927657 (41s)
ML-KEM d=1424 eps=0 beta=642: fails rhf_floor=1.0029061229792 (59s)
ML-KEM d=1424 eps=0 beta=643: fails rhf_floor=1.0029030589609 (56s)
ML-KEM d=1424 eps=0 beta=644: fails rhf_floor=1.0029000006103 (59s)
ML-KEM d=1424 eps=0 beta=645: PASSES rhf_floor=1.0028969478266 (55s)
ML-KEM d=1424 eps=0: beta_floor=645 [certified: every beta in [622, 645] decided rigorously (exact dual, arb enclosures)] (1344s)
ML-KEM d=1424 eps=0.01 beta=622: fails rhf_floor=1.0029520541578 (60s)
ML-KEM d=1424 eps=0.01 beta=623: fails rhf_floor=1.0029488805014 (58s)
ML-KEM d=1424 eps=0.01 beta=624: fails rhf_floor=1.0029457143952 (66s)
ML-KEM d=1424 eps=0.01 beta=625: fails rhf_floor=1.0029425557438 (57s)
ML-KEM d=1424 eps=0.01 beta=626: fails rhf_floor=1.0029394044517 (60s)
ML-KEM d=1424 eps=0.01 beta=627: fails rhf_floor=1.0029362604232 (59s)
ML-KEM d=1424 eps=0.01 beta=628: fails rhf_floor=1.0029331235626 (62s)
ML-KEM d=1424 eps=0.01 beta=629: fails rhf_floor=1.0029299937738 (58s)
ML-KEM d=1424 eps=0.01 beta=630: fails rhf_floor=1.0029268709609 (63s)
ML-KEM d=1424 eps=0.01 beta=631: fails rhf_floor=1.0029237550275 (59s)
ML-KEM d=1424 eps=0.01 beta=632: fails rhf_floor=1.0029206458772 (58s)
ML-KEM d=1424 eps=0.01 beta=633: fails rhf_floor=1.0029175434133 (52s)
ML-KEM d=1424 eps=0.01 beta=634: fails rhf_floor=1.0029144475389 (60s)
ML-KEM d=1424 eps=0.01 beta=635: fails rhf_floor=1.0029113581570 (58s)
ML-KEM d=1424 eps=0.01 beta=636: fails rhf_floor=1.0029082751702 (60s)
ML-KEM d=1424 eps=0.01 beta=637: fails rhf_floor=1.0029051984811 (55s)
ML-KEM d=1424 eps=0.01 beta=638: fails rhf_floor=1.0029021279918 (60s)
ML-KEM d=1424 eps=0.01 beta=639: fails rhf_floor=1.0028990636043 (57s)
ML-KEM d=1424 eps=0.01 beta=640: PASSES rhf_floor=1.0028960052202 (58s)
ML-KEM d=1424 eps=0.01: beta_floor=640 [certified: every beta in [622, 640] decided rigorously (exact dual, arb enclosures)] (1117s)
ML-KEM d=1424 eps=0.03 beta=622: fails rhf_floor=1.0029186709386 (60s)
ML-KEM d=1424 eps=0.03 beta=623: fails rhf_floor=1.0029155461759 (57s)
ML-KEM d=1424 eps=0.03 beta=624: fails rhf_floor=1.0029124288073 (59s)
ML-KEM d=1424 eps=0.03 beta=625: fails rhf_floor=1.0029093187390 (49s)
ML-KEM d=1424 eps=0.03 beta=626: fails rhf_floor=1.0029062158774 (60s)
ML-KEM d=1424 eps=0.03 beta=627: fails rhf_floor=1.0029031201284 (57s)
ML-KEM d=1424 eps=0.03 beta=628: fails rhf_floor=1.0029000313980 (59s)
ML-KEM d=1424 eps=0.03 beta=629: PASSES rhf_floor=1.0028969495920 (55s)
ML-KEM d=1424 eps=0.03: beta_floor=629 [certified: every beta in [622, 629] decided rigorously (exact dual, arb enclosures)] (455s)
ML-KEM d=1885 eps=0 beta=874: fails rhf_floor=1.0023178371845 (186s)
ML-KEM d=1885 eps=0 beta=875: fails rhf_floor=1.0023159668474 (158s)
ML-KEM d=1885 eps=0 beta=876: fails rhf_floor=1.0023140983811 (163s)
ML-KEM d=1885 eps=0 beta=877: fails rhf_floor=1.0023122317446 (149s)
ML-KEM d=1885 eps=0 beta=878: fails rhf_floor=1.0023103668971 (163s)
ML-KEM d=1885 eps=0 beta=879: fails rhf_floor=1.0023085037972 (159s)
ML-KEM d=1885 eps=0 beta=880: fails rhf_floor=1.0023066424034 (161s)
ML-KEM d=1885 eps=0 beta=881: fails rhf_floor=1.0023047826737 (137s)
ML-KEM d=1885 eps=0 beta=882: fails rhf_floor=1.0023029245662 (164s)
ML-KEM d=1885 eps=0 beta=883: fails rhf_floor=1.0023010680383 (158s)
ML-KEM d=1885 eps=0 beta=884: fails rhf_floor=1.0022992130472 (163s)
ML-KEM d=1885 eps=0 beta=885: fails rhf_floor=1.0022973595500 (151s)
ML-KEM d=1885 eps=0 beta=886: fails rhf_floor=1.0022955075031 (164s)
ML-KEM d=1885 eps=0 beta=887: fails rhf_floor=1.0022936568628 (158s)
ML-KEM d=1885 eps=0 beta=888: fails rhf_floor=1.0022918075849 (163s)
ML-KEM d=1885 eps=0 beta=889: fails rhf_floor=1.0022899596249 (144s)
ML-KEM d=1885 eps=0 beta=890: fails rhf_floor=1.0022881129380 (164s)
ML-KEM d=1885 eps=0 beta=891: fails rhf_floor=1.0022862674786 (157s)
ML-KEM d=1885 eps=0 beta=892: fails rhf_floor=1.0022844232011 (163s)
ML-KEM d=1885 eps=0 beta=893: fails rhf_floor=1.0022825800593 (151s)
ML-KEM d=1885 eps=0 beta=894: fails rhf_floor=1.0022807380065 (165s)
ML-KEM d=1885 eps=0 beta=895: fails rhf_floor=1.0022788969955 (158s)
ML-KEM d=1885 eps=0 beta=896: fails rhf_floor=1.0022770569786 (158s)
ML-KEM d=1885 eps=0 beta=897: fails rhf_floor=1.0022752179076 (119s)
ML-KEM d=1885 eps=0 beta=898: fails rhf_floor=1.0022733797339 (165s)
ML-KEM d=1885 eps=0 beta=899: fails rhf_floor=1.0022715424081 (159s)
ML-KEM d=1885 eps=0 beta=900: fails rhf_floor=1.0022697058803 (163s)
ML-KEM d=1885 eps=0 beta=901: fails rhf_floor=1.0022678701000 (150s)
ML-KEM d=1885 eps=0 beta=902: fails rhf_floor=1.0022660350160 (165s)
ML-KEM d=1885 eps=0 beta=903: fails rhf_floor=1.0022642005765 (156s)
ML-KEM d=1885 eps=0 beta=904: fails rhf_floor=1.0022623667289 (159s)
ML-KEM d=1885 eps=0 beta=905: fails rhf_floor=1.0022605334199 (141s)
ML-KEM d=1885 eps=0 beta=906: fails rhf_floor=1.0022587005955 (161s)
ML-KEM d=1885 eps=0 beta=907: fails rhf_floor=1.0022568682008 (159s)
ML-KEM d=1885 eps=0 beta=908: PASSES rhf_floor=1.0022550361802 (188s)
ML-KEM d=1885 eps=0: beta_floor=908 [certified: every beta in [874, 908] decided rigorously (exact dual, arb enclosures)] (5545s)
ML-KEM d=1885 eps=0.01 beta=874: fails rhf_floor=1.0023059084345 (171s)
ML-KEM d=1885 eps=0.01 beta=875: fails rhf_floor=1.0023040506900 (155s)
ML-KEM d=1885 eps=0.01 beta=876: fails rhf_floor=1.0023021947977 (160s)
ML-KEM d=1885 eps=0.01 beta=877: fails rhf_floor=1.0023003407170 (148s)
ML-KEM d=1885 eps=0.01 beta=878: fails rhf_floor=1.0022984884073 (161s)
ML-KEM d=1885 eps=0.01 beta=879: fails rhf_floor=1.0022966378277 (155s)
ML-KEM d=1885 eps=0.01 beta=880: fails rhf_floor=1.0022947889369 (158s)
ML-KEM d=1885 eps=0.01 beta=881: fails rhf_floor=1.0022929416934 (134s)
ML-KEM d=1885 eps=0.01 beta=882: fails rhf_floor=1.0022910960555 (161s)
ML-KEM d=1885 eps=0.01 beta=883: fails rhf_floor=1.0022892519811 (155s)
ML-KEM d=1885 eps=0.01 beta=884: fails rhf_floor=1.0022874094278 (160s)
ML-KEM d=1885 eps=0.01 beta=885: fails rhf_floor=1.0022855683529 (148s)
ML-KEM d=1885 eps=0.01 beta=886: fails rhf_floor=1.0022837287132 (161s)
ML-KEM d=1885 eps=0.01 beta=887: fails rhf_floor=1.0022818904655 (155s)
ML-KEM d=1885 eps=0.01 beta=888: fails rhf_floor=1.0022800535659 (159s)
ML-KEM d=1885 eps=0.01 beta=889: fails rhf_floor=1.0022782179703 (141s)
ML-KEM d=1885 eps=0.01 beta=890: fails rhf_floor=1.0022763836341 (161s)
ML-KEM d=1885 eps=0.01 beta=891: fails rhf_floor=1.0022745505124 (155s)
ML-KEM d=1885 eps=0.01 beta=892: fails rhf_floor=1.0022727185599 (160s)
ML-KEM d=1885 eps=0.01 beta=893: fails rhf_floor=1.0022708877307 (148s)
ML-KEM d=1885 eps=0.01 beta=894: fails rhf_floor=1.0022690579785 (161s)
ML-KEM d=1885 eps=0.01 beta=895: fails rhf_floor=1.0022672292567 (155s)
ML-KEM d=1885 eps=0.01 beta=896: fails rhf_floor=1.0022654015179 (155s)
ML-KEM d=1885 eps=0.01 beta=897: fails rhf_floor=1.0022635747144 (116s)
ML-KEM d=1885 eps=0.01 beta=898: fails rhf_floor=1.0022617487980 (161s)
ML-KEM d=1885 eps=0.01 beta=899: fails rhf_floor=1.0022599237196 (155s)
ML-KEM d=1885 eps=0.01 beta=900: fails rhf_floor=1.0022580994300 (160s)
ML-KEM d=1885 eps=0.01 beta=901: fails rhf_floor=1.0022562758790 (148s)
ML-KEM d=1885 eps=0.01 beta=902: PASSES rhf_floor=1.0022544530160 (161s)
ML-KEM d=1885 eps=0.01: beta_floor=902 [certified: every beta in [874, 902] decided rigorously (exact dual, arb enclosures)] (4481s)
ML-KEM d=1885 eps=0.03 beta=874: fails rhf_floor=1.0022820513606 (161s)
ML-KEM d=1885 eps=0.03 beta=875: fails rhf_floor=1.0022802188003 (155s)
ML-KEM d=1885 eps=0.03 beta=876: fails rhf_floor=1.0022783880550 (160s)
ML-KEM d=1885 eps=0.03 beta=877: fails rhf_floor=1.0022765590849 (148s)
ML-KEM d=1885 eps=0.03 beta=878: fails rhf_floor=1.0022747318499 (161s)
ML-KEM d=1885 eps=0.03 beta=879: fails rhf_floor=1.0022729063099 (155s)
ML-KEM d=1885 eps=0.03 beta=880: fails rhf_floor=1.0022710824244 (158s)
ML-KEM d=1885 eps=0.03 beta=881: fails rhf_floor=1.0022692601524 (134s)
ML-KEM d=1885 eps=0.03 beta=882: fails rhf_floor=1.0022674394530 (161s)
ML-KEM d=1885 eps=0.03 beta=883: fails rhf_floor=1.0022656202848 (155s)
ML-KEM d=1885 eps=0.03 beta=884: fails rhf_floor=1.0022638026060 (160s)
ML-KEM d=1885 eps=0.03 beta=885: fails rhf_floor=1.0022619863748 (148s)
ML-KEM d=1885 eps=0.03 beta=886: fails rhf_floor=1.0022601715488 (161s)
ML-KEM d=1885 eps=0.03 beta=887: fails rhf_floor=1.0022583580854 (155s)
ML-KEM d=1885 eps=0.03 beta=888: fails rhf_floor=1.0022565459414 (159s)
ML-KEM d=1885 eps=0.03 beta=889: PASSES rhf_floor=1.0022547350736 (141s)
ML-KEM d=1885 eps=0.03: beta_floor=889 [certified: every beta in [874, 889] decided rigorously (exact dual, arb enclosures)] (2474s)
EXACTALL_DONE
