Kyber512 q-aware b=391: margin -0.20602 at m=556 (clip 61); unclipped best -0.20602 at m=496  [27s]
Kyber512 q-aware b=392: margin -0.19760 at m=566 (clip 70); unclipped best -0.19760 at m=496  [52s]
Kyber512 q-aware b=393: margin -0.18920 at m=506 (clip 9); unclipped best -0.18921 at m=498  [78s]
Kyber512 q-aware b=394: margin -0.18083 at m=532 (clip 34); unclipped best -0.18083 at m=498  [106s]
Kyber512 q-aware b=395: margin -0.17249 at m=554 (clip 55); unclipped best -0.17249 at m=498  [129s]
Kyber512 q-aware b=396: margin -0.16417 at m=500 (clip 0); unclipped best -0.16417 at m=500  [155s]
Kyber512 q-aware b=397: margin -0.15587 at m=532 (clip 31); unclipped best -0.15587 at m=500  [178s]
Kyber512 q-aware b=398: margin -0.14759 at m=572 (clip 71); unclipped best -0.14759 at m=502  [208s]
Kyber512 q-aware b=399: margin -0.13934 at m=504 (clip 2); unclipped best -0.13934 at m=502  [236s]
Kyber512 q-aware b=400: margin -0.13112 at m=532 (clip 29); unclipped best -0.13112 at m=504  [260s]
Kyber512 q-aware b=401: margin -0.12292 at m=562 (clip 58); unclipped best -0.12292 at m=504  [287s]
Kyber512 q-aware b=402: margin -0.11474 at m=558 (clip 53); unclipped best -0.11474 at m=504  [310s]
Kyber512 q-aware b=403: margin -0.10658 at m=506 (clip 0); unclipped best -0.10658 at m=506  [346s]
Kyber512 q-aware b=404: margin -0.09845 at m=570 (clip 64); unclipped best -0.09845 at m=506  [381s]
Kyber512 q-aware b=405: margin -0.09034 at m=582 (clip 75); unclipped best -0.09035 at m=508  [412s]
Kyber512 q-aware b=406: margin -0.08226 at m=556 (clip 48); unclipped best -0.08226 at m=508  [446s]
Kyber512 q-aware b=407: margin -0.07420 at m=556 (clip 47); unclipped best -0.07420 at m=508  [479s]
Kyber512 q-aware b=408: margin -0.06616 at m=558 (clip 48); unclipped best -0.06616 at m=510  [510s]
Kyber512 q-aware b=409: margin -0.05814 at m=512 (clip 1); unclipped best -0.05814 at m=510  [551s]
Kyber512 q-aware b=410: margin -0.05015 at m=584 (clip 73); unclipped best -0.05015 at m=512  [585s]
Kyber512 q-aware b=411: margin -0.04218 at m=540 (clip 28); unclipped best -0.04218 at m=512  [620s]
Kyber512 q-aware b=412: margin -0.03423 at m=546 (clip 33); unclipped best -0.03423 at m=514  [653s]
Kyber512 q-aware b=413: margin -0.02630 at m=542 (clip 28); unclipped best -0.02630 at m=514  [693s]
Kyber512 q-aware b=414: margin -0.01840 at m=540 (clip 25); unclipped best -0.01840 at m=514  [724s]
Kyber512 q-aware b=415: margin -0.01051 at m=532 (clip 16); unclipped best -0.01051 at m=516  [754s]
Kyber512 q-aware b=416: margin -0.00265 at m=530 (clip 14); unclipped best -0.00265 at m=516  [785s]
Kyber512 q-aware b=417: margin +0.00518 at m=520 (clip 3); unclipped best +0.00518 at m=518  [818s]
Kyber512 q-aware b=418: margin +0.01300 at m=530 (clip 12); unclipped best +0.01300 at m=518  [852s]
Kyber512 q-aware b=419: margin +0.02080 at m=526 (clip 7); unclipped best +0.02079 at m=518  [882s]
== Kyber512: least passing b, q-aware extremal = {'b': 417, 'm': 520, 'd': 1033, 'margin': 0.005184508342471084, 'clip_depth': 3}
Kyber512 dual b=300: gsa best 486.01 (b=300), floor best 525.58 (b=300)  [0s]
Kyber512 dual b=350: gsa best 216.38 (b=350), floor best 235.06 (b=350)  [13s]
Kyber512 dual b=400: gsa best 121.21 (b=400), floor best 131.54 (b=400)  [26s]
Kyber512 dual b=450: gsa best 117.89 (b=403), floor best 120.16 (b=410)  [39s]
Kyber512 dual b=500: gsa best 117.89 (b=403), floor best 120.16 (b=410)  [52s]
Kyber512 dual b=550: gsa best 117.89 (b=403), floor best 120.16 (b=410)  [64s]
Kyber512 dual b=600: gsa best 117.89 (b=403), floor best 120.16 (b=410)  [76s]
Kyber512 dual b=650: gsa best 117.89 (b=403), floor best 120.16 (b=410)  [87s]
Kyber512 dual b=700: gsa best 117.89 (b=403), floor best 120.16 (b=410)  [98s]
Kyber512 dual b=750: gsa best 117.89 (b=403), floor best 120.16 (b=410)  [108s]
Kyber512 dual b=800: gsa best 117.89 (b=403), floor best 120.16 (b=410)  [117s]
Kyber512 dual b=850: gsa best 117.89 (b=403), floor best 120.16 (b=410)  [126s]
Kyber512 dual b=900: gsa best 117.89 (b=403), floor best 120.16 (b=410)  [134s]
Kyber512 dual b=950: gsa best 117.89 (b=403), floor best 120.16 (b=410)  [141s]
Kyber512 dual b=1000: gsa best 117.89 (b=403), floor best 120.16 (b=410)  [147s]
Kyber512 dual b=1050: gsa best 117.89 (b=403), floor best 120.16 (b=410)  [152s]
Kyber512 dual b=1100: gsa best 117.89 (b=403), floor best 120.16 (b=410)  [156s]
== Kyber512 dual [gsa]: b=403 m=513 d=1025 l=3294.0 log2eps=-41.82 log2R=0.02 cost=117.89 bits (head - log q = +0.0465)
== Kyber512 dual [floor]: b=410 m=531 d=1043 l=3326.9 log2eps=-42.66 log2R=0.24 cost=120.16 bits (head - log q = -0.0006)
== Kyber512 dual [floor_capped]: b=300 m=1 d=513 l=3329.0 log2eps=-42.72 log2R=23.18 cost=110.92 bits (head - log q = +2.5256)
Kyber768 q-aware b=613: margin -0.16122 at m=1024 (clip 349); unclipped best -0.16123 at m=676  [77s]
Kyber768 q-aware b=614: margin -0.15536 at m=676 (clip 0); unclipped best -0.15536 at m=676  [152s]
Kyber768 q-aware b=615: margin -0.14950 at m=1018 (clip 341); unclipped best -0.14950 at m=676  [225s]
Kyber768 q-aware b=616: margin -0.14366 at m=684 (clip 7); unclipped best -0.14366 at m=678  [297s]
Kyber768 q-aware b=617: margin -0.13782 at m=1020 (clip 342); unclipped best -0.13782 at m=678  [370s]
Kyber768 q-aware b=618: margin -0.13200 at m=1020 (clip 341); unclipped best -0.13200 at m=680  [442s]
Kyber768 q-aware b=619: margin -0.12619 at m=1024 (clip 344); unclipped best -0.12619 at m=680  [516s]
Kyber768 q-aware b=620: margin -0.12039 at m=1024 (clip 343); unclipped best -0.12039 at m=680  [591s]
Kyber768 q-aware b=621: margin -0.11460 at m=1004 (clip 323); unclipped best -0.11460 at m=682  [657s]
Kyber768 q-aware b=622: margin -0.10883 at m=1024 (clip 342); unclipped best -0.10883 at m=682  [731s]
Kyber768 q-aware b=623: margin -0.10306 at m=1000 (clip 317); unclipped best -0.10306 at m=684  [813s]
Kyber768 q-aware b=624: margin -0.09731 at m=998 (clip 314); unclipped best -0.09731 at m=684  [883s]
Kyber768 q-aware b=625: margin -0.09156 at m=996 (clip 311); unclipped best -0.09156 at m=684  [961s]
Kyber768 q-aware b=626: margin -0.08583 at m=996 (clip 311); unclipped best -0.08583 at m=686  [1035s]
Kyber768 q-aware b=627: margin -0.08011 at m=998 (clip 312); unclipped best -0.08011 at m=686  [1111s]
Kyber768 q-aware b=628: margin -0.07440 at m=1000 (clip 313); unclipped best -0.07440 at m=688  [1182s]
Kyber768 q-aware b=629: margin -0.06870 at m=688 (clip 0); unclipped best -0.06870 at m=688  [1252s]
Kyber768 q-aware b=630: margin -0.06301 at m=998 (clip 309); unclipped best -0.06301 at m=688  [1324s]
Kyber768 q-aware b=631: margin -0.05733 at m=1024 (clip 335); unclipped best -0.05733 at m=690  [1394s]
Kyber768 q-aware b=632: margin -0.05166 at m=1024 (clip 334); unclipped best -0.05166 at m=690  [1461s]
Kyber768 q-aware b=633: margin -0.04601 at m=1012 (clip 321); unclipped best -0.04601 at m=692  [1539s]
Kyber768 q-aware b=634: margin -0.04036 at m=1022 (clip 330); unclipped best -0.04036 at m=692  [1619s]
Kyber768 q-aware b=635: margin -0.03472 at m=996 (clip 303); unclipped best -0.03472 at m=692  [1688s]
Kyber768 q-aware b=636: margin -0.02910 at m=998 (clip 305); unclipped best -0.02910 at m=694  [1756s]
Kyber768 q-aware b=637: margin -0.02348 at m=1010 (clip 316); unclipped best -0.02348 at m=694  [1824s]
Kyber768 q-aware b=638: margin -0.01788 at m=1000 (clip 305); unclipped best -0.01788 at m=696  [1905s]
Kyber768 q-aware b=639: margin -0.01229 at m=1002 (clip 306); unclipped best -0.01229 at m=696  [1974s]
Kyber768 q-aware b=640: margin -0.00671 at m=1012 (clip 315); unclipped best -0.00671 at m=696  [2043s]
Kyber768 q-aware b=641: margin -0.00113 at m=1002 (clip 305); unclipped best -0.00113 at m=698  [2112s]
Kyber768 q-aware b=642: margin +0.00443 at m=706 (clip 8); unclipped best +0.00443 at m=698  [2189s]
Kyber768 q-aware b=643: margin +0.00998 at m=1014 (clip 315); unclipped best +0.00998 at m=698  [2258s]
Kyber768 q-aware b=644: margin +0.01552 at m=1024 (clip 324); unclipped best +0.01552 at m=700  [2328s]
== Kyber768: least passing b, q-aware extremal = {'b': 642, 'm': 706, 'd': 1475, 'margin': 0.004428889351127729, 'clip_depth': 8}
Kyber768 dual b=300: gsa best 17235.03 (b=300), floor best 18410.88 (b=300)  [1s]
Kyber768 dual b=350: gsa best 5722.05 (b=350), floor best 6193.03 (b=350)  [26s]
Kyber768 dual b=400: gsa best 2275.91 (b=400), floor best 2501.19 (b=400)  [51s]
Kyber768 dual b=450: gsa best 1045.62 (b=450), floor best 1160.64 (b=450)  [82s]
Kyber768 dual b=500: gsa best 544.02 (b=500), floor best 606.43 (b=500)  [124s]
Kyber768 dual b=550: gsa best 317.68 (b=550), floor best 355.79 (b=550)  [168s]
Kyber768 dual b=600: gsa best 207.41 (b=600), floor best 232.82 (b=600)  [210s]
Kyber768 dual b=650: gsa best 181.34 (b=620), floor best 185.43 (b=634)  [252s]
Kyber768 dual b=700: gsa best 181.34 (b=620), floor best 185.43 (b=634)  [294s]
Kyber768 dual b=750: gsa best 181.34 (b=620), floor best 185.43 (b=634)  [335s]
Kyber768 dual b=800: gsa best 181.34 (b=620), floor best 185.43 (b=634)  [377s]
Kyber768 dual b=850: gsa best 181.34 (b=620), floor best 185.43 (b=634)  [416s]
Kyber768 dual b=900: gsa best 181.34 (b=620), floor best 185.43 (b=634)  [454s]
Kyber768 dual b=950: gsa best 181.34 (b=620), floor best 185.43 (b=634)  [491s]
Kyber768 dual b=1000: gsa best 181.34 (b=620), floor best 185.43 (b=634)  [526s]
Kyber768 dual b=1050: gsa best 181.34 (b=620), floor best 185.43 (b=634)  [560s]
Kyber768 dual b=1100: gsa best 181.34 (b=620), floor best 185.43 (b=634)  [591s]
== Kyber768 dual [gsa]: b=620 m=651 d=1419 l=5002.3 log2eps=-64.30 log2R=0.00 cost=181.34 bits (head - log q = +0.4925)
== Kyber768 dual [floor]: b=634 m=703 d=1471 l=5059.0 log2eps=-65.77 log2R=0.00 cost=185.43 bits (head - log q = +0.4185)
== Kyber768 dual [floor_capped]: b=300 m=1 d=769 l=3329.0 log2eps=-28.48 log2R=0.00 cost=87.74 bits (head - log q = +3.7470)
Kyber1024 q-aware b=865: margin -0.14492 at m=1014 (clip 151); unclipped best -0.14492 at m=864  [146s]
Kyber1024 q-aware b=866: margin -0.14056 at m=1036 (clip 172); unclipped best -0.14056 at m=864  [285s]
Kyber1024 q-aware b=867: margin -0.13621 at m=986 (clip 121); unclipped best -0.13621 at m=864  [420s]
Kyber1024 q-aware b=868: margin -0.13187 at m=986 (clip 121); unclipped best -0.13187 at m=866  [551s]
Kyber1024 q-aware b=869: margin -0.12753 at m=1032 (clip 166); unclipped best -0.12753 at m=866  [678s]
Kyber1024 q-aware b=870: margin -0.12320 at m=1044 (clip 177); unclipped best -0.12320 at m=868  [798s]
Kyber1024 q-aware b=871: margin -0.11887 at m=876 (clip 8); unclipped best -0.11887 at m=868  [919s]
Kyber1024 q-aware b=872: margin -0.11456 at m=990 (clip 121); unclipped best -0.11456 at m=868  [1036s]
Kyber1024 q-aware b=873: margin -0.11024 at m=1088 (clip 219); unclipped best -0.11024 at m=870  [1164s]
Kyber1024 q-aware b=874: margin -0.10594 at m=1032 (clip 162); unclipped best -0.10594 at m=870  [1285s]
Kyber1024 q-aware b=875: margin -0.10163 at m=986 (clip 115); unclipped best -0.10164 at m=870  [1405s]
Kyber1024 q-aware b=876: margin -0.09734 at m=1014 (clip 142); unclipped best -0.09734 at m=872  [1535s]
Kyber1024 q-aware b=877: margin -0.09305 at m=986 (clip 114); unclipped best -0.09305 at m=872  [1665s]
Kyber1024 q-aware b=878: margin -0.08877 at m=984 (clip 111); unclipped best -0.08877 at m=874  [1788s]
Kyber1024 q-aware b=879: margin -0.08449 at m=1036 (clip 162); unclipped best -0.08449 at m=874  [1914s]
Kyber1024 q-aware b=880: margin -0.08022 at m=988 (clip 113); unclipped best -0.08022 at m=874  [2028s]
Kyber1024 q-aware b=881: margin -0.07596 at m=1006 (clip 130); unclipped best -0.07596 at m=876  [2146s]
